Archive member included to satisfy reference by file (symbol)

C:/devkitPro/libogc/lib/wii\libwiiuse.a(wpad.o)
                              main.o (WPAD_Init)
C:/devkitPro/libogc/lib/wii\libwiiuse.a(motion_plus.o)
                              C:/devkitPro/libogc/lib/wii\libwiiuse.a(wpad.o) (wiiuse_set_motion_plus)
C:/devkitPro/libogc/lib/wii\libwiiuse.a(dynamics.o)
                              C:/devkitPro/libogc/lib/wii\libwiiuse.a(wpad.o) (calculate_gforce)
C:/devkitPro/libogc/lib/wii\libwiiuse.a(io.o)
                              C:/devkitPro/libogc/lib/wii\libwiiuse.a(motion_plus.o) (wiiuse_disable_expansion)
C:/devkitPro/libogc/lib/wii\libwiiuse.a(io_wii.o)
                              C:/devkitPro/libogc/lib/wii\libwiiuse.a(wpad.o) (__wiiuse_sensorbar_enable)
C:/devkitPro/libogc/lib/wii\libwiiuse.a(ir.o)
                              C:/devkitPro/libogc/lib/wii\libwiiuse.a(motion_plus.o) (wiiuse_set_ir_mode)
C:/devkitPro/libogc/lib/wii\libwiiuse.a(nunchuk.o)
                              C:/devkitPro/libogc/lib/wii\libwiiuse.a(io.o) (nunchuk_handshake)
C:/devkitPro/libogc/lib/wii\libwiiuse.a(wiiboard.o)
                              C:/devkitPro/libogc/lib/wii\libwiiuse.a(io.o) (wii_board_handshake)
C:/devkitPro/libogc/lib/wii\libwiiuse.a(wiiuse.o)
                              C:/devkitPro/libogc/lib/wii\libwiiuse.a(wpad.o) (wiiuse_init)
C:/devkitPro/libogc/lib/wii\libwiiuse.a(speaker.o)
                              C:/devkitPro/libogc/lib/wii\libwiiuse.a(wpad.o) (wencdata)
C:/devkitPro/libogc/lib/wii\libwiiuse.a(classic.o)
                              C:/devkitPro/libogc/lib/wii\libwiiuse.a(io.o) (classic_ctrl_handshake)
C:/devkitPro/libogc/lib/wii\libwiiuse.a(events.o)
                              C:/devkitPro/libogc/lib/wii\libwiiuse.a(io_wii.o) (parse_event)
C:/devkitPro/libogc/lib/wii\libwiiuse.a(guitar_hero_3.o)
                              C:/devkitPro/libogc/lib/wii\libwiiuse.a(io.o) (guitar_hero_3_handshake)
C:/devkitPro/libogc/lib/wii\libbte.a(bte.o)
                              C:/devkitPro/libogc/lib/wii\libwiiuse.a(wpad.o) (BTE_Init)
C:/devkitPro/libogc/lib/wii\libbte.a(hci.o)
                              C:/devkitPro/libogc/lib/wii\libbte.a(bte.o) (hci_init)
C:/devkitPro/libogc/lib/wii\libbte.a(l2cap.o)
                              C:/devkitPro/libogc/lib/wii\libbte.a(bte.o) (l2cap_init)
C:/devkitPro/libogc/lib/wii\libbte.a(btmemb.o)
                              C:/devkitPro/libogc/lib/wii\libbte.a(bte.o) (btmemb_init)
C:/devkitPro/libogc/lib/wii\libbte.a(btmemr.o)
                              C:/devkitPro/libogc/lib/wii\libbte.a(hci.o) (btmemr_init)
C:/devkitPro/libogc/lib/wii\libbte.a(btpbuf.o)
                              C:/devkitPro/libogc/lib/wii\libbte.a(hci.o) (btpbuf_init)
C:/devkitPro/libogc/lib/wii\libbte.a(physbusif.o)
                              C:/devkitPro/libogc/lib/wii\libbte.a(bte.o) (physbusif_init)
C:/devkitPro/libogc/lib/wii\libmad.a(mp3player.o)
                              main.o (MP3Player_Init)
C:/devkitPro/libogc/lib/wii\libmad.a(frame.o)
                              C:/devkitPro/libogc/lib/wii\libmad.a(mp3player.o) (mad_frame_init)
C:/devkitPro/libogc/lib/wii\libmad.a(layer12.o)
                              C:/devkitPro/libogc/lib/wii\libmad.a(frame.o) (mad_layer_I)
C:/devkitPro/libogc/lib/wii\libmad.a(layer3.o)
                              C:/devkitPro/libogc/lib/wii\libmad.a(frame.o) (mad_layer_III)
C:/devkitPro/libogc/lib/wii\libmad.a(stream.o)
                              C:/devkitPro/libogc/lib/wii\libmad.a(mp3player.o) (mad_stream_init)
C:/devkitPro/libogc/lib/wii\libmad.a(synth.o)
                              C:/devkitPro/libogc/lib/wii\libmad.a(mp3player.o) (mad_synth_init)
C:/devkitPro/libogc/lib/wii\libmad.a(timer.o)
                              C:/devkitPro/libogc/lib/wii\libmad.a(frame.o) (mad_timer_set)
C:/devkitPro/libogc/lib/wii\libmad.a(bit.o)
                              C:/devkitPro/libogc/lib/wii\libmad.a(frame.o) (mad_bit_init)
C:/devkitPro/libogc/lib/wii\libmad.a(huffman.o)
                              C:/devkitPro/libogc/lib/wii\libmad.a(layer3.o) (mad_huff_pair_table)
C:/devkitPro/libogc/lib/wii\libasnd.a(asndlib.o)
                              main.o (ASND_Init)
C:/devkitPro/libogc/lib/wii\libasnd.a(asnd_dsp_mixer.bin.o)
                              C:/devkitPro/libogc/lib/wii\libasnd.a(asndlib.o) (asnd_dsp_mixer_bin)
C:/devkitPro/libogc/lib/wii\libogc.a(console.o)
                              main.o (CON_Init)
C:/devkitPro/libogc/lib/wii\libogc.a(lwp_queue.o)
                              C:/devkitPro/libogc/lib/wii\libwiiuse.a(io_wii.o) (__lwp_queue_initialize)
C:/devkitPro/libogc/lib/wii\libogc.a(lwp_threads.o)
                              C:/devkitPro/libogc/lib/wii\libwiiuse.a(wpad.o) (_thread_dispatch_disable_level)
C:/devkitPro/libogc/lib/wii\libogc.a(lwp.o)
                              C:/devkitPro/libogc/lib/wii\libmad.a(mp3player.o) (LWP_CreateThread)
[...]
Memory Configuration

Name             Origin             Length             Attributes
*default*        0x00000000         0xffffffff

Linker script and memory map

                0x00003400                        . = 0x3400

.stub
 *(.stub)
                0x80004000                        . = 0x80004000

.init           0x80004000      0x194
 *crt0.o(*.init)
 .init          0x80004000      0x170 C:/devkitPro/libogc/lib/wii\libogc.a(ogc_crt0.o)
                0x80004000                _start
                0x80004140                _memset
 *(.init)
 .init          0x80004170        0xc C:/devkitPro/devkitPPC/bin/../lib/gcc/powerpc-eabi/13.1.0/ecrti.o
                0x80004170                __init
 .init          0x8000417c        0x4 C:/devkitPro/devkitPPC/bin/../lib/gcc/powerpc-eabi/13.1.0/crtbegin.o
 .init          0x80004180        0x4 C:/devkitPro/devkitPPC/bin/../lib/gcc/powerpc-eabi/13.1.0/crtend.o
 .init          0x80004184       0x10 C:/devkitPro/devkitPPC/bin/../lib/gcc/powerpc-eabi/13.1.0/ecrtn.o

.rela.dyn       0x80004194        0x0
 .rela.iplt     0x80004194        0x0 C:/devkitPro/devkitPPC/bin/../lib/gcc/powerpc-eabi/13.1.0/crtbegin.o

.plt
 *(.plt)

.interp
 *(.interp)

.hash
 *(.hash)

.dynsym
 *(.dynsym)

.dynstr
 *(.dynstr)

.gnu.version
 *(.gnu.version)

.gnu.version_d
 *(.gnu.version_d)

.gnu.version_r
 *(.gnu.version_r)

.rel.init
 *(.rel.init)

.rela.init
 *(.rela.init)

.rel.text
 *(.rel.text .rel.text.* .rel.gnu.linkonce.t.*)

.rela.text      0x80004194        0x0
 *(.rela.text .rela.text.* .rela.gnu.linkonce.t.*)
 .rela.text.__do_global_dtors_aux
                0x80004194        0x0 C:/devkitPro/devkitPPC/bin/../lib/gcc/powerpc-eabi/13.1.0/crtbegin.o
 .rela.text.frame_dummy
                0x80004194        0x0 C:/devkitPro/devkitPPC/bin/../lib/gcc/powerpc-eabi/13.1.0/crtbegin.o
 .rela.text.unlikely.abort
                0x80004194        0x0 C:/devkitPro/devkitPPC/bin/../lib/gcc/powerpc-eabi/13.1.0/crtbegin.o
 .rela.text.__assert_func
                0x80004194        0x0 C:/devkitPro/devkitPPC/bin/../lib/gcc/powerpc-eabi/13.1.0/crtbegin.o

.rel.fini
 *(.rel.fini)

.rela.fini
 *(.rela.fini)

.rel.rodata
 *(.rel.rodata .rel.rodata.* .rel.gnu.linkonce.r.*)

.rela.rodata
 *(.rela.rodata .rela.rodata.* .rela.gnu.linkonce.r.*)

.rel.data
 *(.rel.data .rel.data.* .rel.gnu.linkonce.d.*)

.rela.data
 *(.rela.data .rela.data.* .rela.gnu.linkonce.d.*)

.rel.tdata
 *(.rel.tdata .rel.tdata.* .rel.gnu.linkonce.td.*)

.rela.tdata
 *(.rela.tdata .rela.tdata.* .rela.gnu.linkonce.td.*)

.rel.tbss
 *(.rel.tbss .rel.tbss.* .rel.gnu.linkonce.tb.*)

.rela.tbss
 *(.rela.tbss .rela.tbss.* .rela.gnu.linkonce.tb.*)

.rel.ctors
 *(.rel.ctors)

.rela.ctors
 *(.rela.ctors)

.rel.dtors
 *(.rel.dtors)

.rela.dtors
 *(.rela.dtors)

.rel.got
 *(.rel.got)

.rela.got
 *(.rela.got)

.rela.got1
 *(.rela.got1)

.rela.got2
 *(.rela.got2)

.rel.sdata
 *(.rel.sdata .rel.sdata.* .rel.gnu.linkonce.s.*)

.rela.sdata
 *(.rela.sdata .rela.sdata.* .rela.gnu.linkonce.s.*)

.rel.sbss
 *(.rel.sbss .rel.sbss.* .rel.gnu.linkonce.sb.*)

.rela.sbss
 *(.rela.sbss .rela.sbss.* .rel.gnu.linkonce.sb.*)

.rel.sdata2
 *(.rel.sdata2 .rel.sdata2.* .rel.gnu.linkonce.s2.*)

.rela.sdata2
 *(.rela.sdata2 .rela.sdata2.* .rela.gnu.linkonce.s2.*)

.rel.sbss2
 *(.rel.sbss2 .rel.sbss2.* .rel.gnu.linkonce.sb2.*)

.rela.sbss2
 *(.rela.sbss2 .rela.sbss2.* .rela.gnu.linkonce.sb2.*)

.rel.bss
 *(.rel.bss .rel.bss.* .rel.gnu.linkonce.b.*)

.rela.bss
 *(.rela.bss .rela.bss.* .rela.gnu.linkonce.b.*)

.rel.plt
 *(.rel.plt)

.rela.plt
 *(.rela.plt)

.text           0x800041a0    0x44a60
 *(.text)
 .text          0x800041a0      0x44c C:/devkitPro/libogc/lib/wii\libogc.a(lwp_handler.o)
                0x800041a0                _cpu_context_save_fp
                0x800042e0                _cpu_context_restore_fp
                0x80004420                _cpu_context_switch
                0x80004500                _cpu_context_save
                0x80004580                _cpu_context_restore
 .text          0x800045ec      0x4f4 C:/devkitPro/libogc/lib/wii\libogc.a(cache_asm.o)
                0x800045ec                DCFlashInvalidate
                0x80004600                DCEnable
                0x80004614                DCDisable
                0x80004628                DCFreeze
                0x8000463c                DCUnfreeze
                0x80004650                DCTouchLoad
                0x80004658                DCBlockZero
                0x80004660                DCBlockStore
                0x80004668                DCBlockFlush
                0x80004670                DCBlockInvalidate
                0x80004678                DCInvalidateRange
                0x800046a8                DCFlushRange
                0x800046dc                DCStoreRange
                0x80004710                DCFlushRangeNoSync
                0x80004740                DCStoreRangeNoSync
                0x80004770                DCZeroRange
                0x800047a0                DCTouchRange
                0x800047d0                ICInvalidateRange
                0x80004808                ICFlashInvalidate
                0x8000481c                ICEnable
                0x80004830                ICDisable
                0x80004844                ICFreeze
                0x80004858                ICUnfreeze
                0x8000486c                ICBlockInvalidate
                0x80004874                ICSync
                0x8000487c                L2Init
                0x800048c4                L2Enable
                0x800048e0                L2Disable
                0x800048f8                L2GlobalInvalidate
                0x80004950                __LCEnable
                0x80004a1c                LCDisable
                0x80004a44                LCAllocOneTag
                0x80004a58                LCAllocTags
                0x80004a98                LCLoadBlocks
                0x80004abc                LCStoreBlocks
 .text          0x80004ae0      0x4a0 C:/devkitPro/libogc/lib/wii\libogc.a(system_asm.o)
                0x80004ae0                __realmode
                0x80004af8                __configBATS
                0x80004c28                __InitFPRS
                0x80004d54                __InitPS
                0x80004db0                __InitCache
                0x80004e08                __InitSystem
                0x80004e90                __flush_cache
                0x80004ec4                __reset
                0x80004f34                __InitBATS
                0x80004f50                SYS_SwitchFiber
 .text          0x80004f80      0x1ac C:/devkitPro/libogc/lib/wii\libogc.a(irq_handler.o)
                0x80004f80                irq_exceptionhandler
 .text          0x8000512c      0x1ac C:/devkitPro/libogc/lib/wii\libogc.a(decrementer_handler.o)
                0x8000512c                dec_exceptionhandler
 .text          0x800052d8      0x35c C:/devkitPro/libogc/lib/wii\libogc.a(exception_handler.o)
                0x800052d8                exceptionhandler_start
                0x80005354                exceptionhandler_patch
                0x80005388                exceptionhandler_end
                0x8000538c                default_exceptionhandler
                0x800054bc                fpu_exceptionhandler
                0x80005604                systemcallhandler_start
                0x80005630                systemcallhandler_end
 .text          0x80005634       0x48 C:/devkitPro/devkitPPC/bin/../lib/gcc/powerpc-eabi/13.1.0\libgcc.a(eabi.o)
                0x80005634                __eabi
 .text          0x8000567c       0x58 C:/devkitPro/devkitPPC/bin/../lib/gcc/powerpc-eabi/13.1.0\libgcc.a(crtresxfpr.o)
                0x8000567c                _restfpr_14_x
                0x80005680                _restfpr_15_x
                0x80005684                _restfpr_16_x
                0x80005688                _restfpr_17_x
                0x8000568c                _restfpr_18_x
                0x80005690                _restfpr_19_x
                0x80005694                _restfpr_20_x
                0x80005698                _restfpr_21_x
                0x8000569c                _restfpr_22_x
                0x800056a0                _restfpr_23_x
                0x800056a4                _restfpr_24_x
                0x800056a8                _restfpr_25_x
                0x800056ac                _restfpr_26_x
                0x800056b0                _restfpr_27_x
                0x800056b4                _restfpr_28_x
                0x800056b8                _restfpr_29_x
                0x800056bc                _restfpr_30_x
                0x800056c0                _restfpr_31_x
 .text          0x800056d4       0x58 C:/devkitPro/devkitPPC/bin/../lib/gcc/powerpc-eabi/13.1.0\libgcc.a(crtresxgpr.o)
                0x800056d4                _restgpr_14_x
                0x800056d8                _restgpr_15_x
                0x800056dc                _restgpr_16_x
                0x800056e0                _restgpr_17_x
                0x800056e4                _restgpr_18_x
                0x800056e8                _restgpr_19_x
                0x800056ec                _restgpr_20_x
                0x800056f0                _restgpr_21_x
                0x800056f4                _restgpr_22_x
                0x800056f8                _restgpr_23_x
                0x800056fc                _restgpr_24_x
                0x80005700                _restgpr_25_x
                0x80005704                _restgpr_26_x
                0x80005708                _restgpr_27_x
                0x8000570c                _restgpr_28_x
                0x80005710                _restgpr_29_x
                0x80005714                _restgpr_30_x
                0x80005718                _restgpr_31_x
 *(.text.*)
 .text.__do_global_dtors_aux
                0x8000572c       0xcc C:/devkitPro/devkitPPC/bin/../lib/gcc/powerpc-eabi/13.1.0/crtbegin.o
 .text.frame_dummy
                0x800057f8       0x24 C:/devkitPro/devkitPPC/bin/../lib/gcc/powerpc-eabi/13.1.0/crtbegin.o
 .text.__crtmain
                0x8000581c       0x44 C:/devkitPro/devkitPPC/bin/../lib/gcc/powerpc-eabi/13.1.0/../../../../powerpc-eabi/lib/crtmain.o
                0x80005820                __crtmain
 .text.SysMenu  0x80005860       0xc4 main.o
                0x80005860                SysMenu
 .text.initialize
                0x80005924       0xb4 main.o
                0x80005924                initialize
 .text.startup.main
                0x800059d8      0x5a4 main.o
                0x800059d8                main
 .text.__wpad_assign_slot
                0x80005f7c      0x254 C:/devkitPro/libogc/lib/wii\libwiiuse.a(wpad.o)
                0x80005f7c                __wpad_assign_slot
 .text.__wpad_def_powcb
                0x800061d0        0x4 C:/devkitPro/libogc/lib/wii\libwiiuse.a(wpad.o)
 .text.__readlinkkey_finished
                0x800061d4       0x34 C:/devkitPro/libogc/lib/wii\libwiiuse.a(wpad.o)
 .text.__wpad_patch_finished
                0x80006208       0x2c C:/devkitPro/libogc/lib/wii\libwiiuse.a(wpad.o)
 .text.__wpad_setfmt
                0x80006234      0x14c C:/devkitPro/libogc/lib/wii\libwiiuse.a(wpad.o)
 .text.__wpad_eventCB
                0x80006380      0xad4 C:/devkitPro/libogc/lib/wii\libwiiuse.a(wpad.o)
 .text.__wpad_disconnectCB
                0x80006e54       0xd4 C:/devkitPro/libogc/lib/wii\libwiiuse.a(wpad.o)
                0x80006e54                __wpad_disconnectCB
 .text.__wpad_timeouthandler
                0x80006f28       0xa8 C:/devkitPro/libogc/lib/wii\libwiiuse.a(wpad.o)
 .text.__initcore_finished
                0x80006fd0       0x48 C:/devkitPro/libogc/lib/wii\libwiiuse.a(wpad.o)
 .text.__wpad_init_finished
                0x80007018      0x194 C:/devkitPro/libogc/lib/wii\libwiiuse.a(wpad.o)
 .text.WPAD_ReadEvent
                0x800071ac      0x68c C:/devkitPro/libogc/lib/wii\libwiiuse.a(wpad.o)
                0x800071ac                WPAD_ReadEvent
 .text.WPAD_ReadPending
                0x80007838      0x1a0 C:/devkitPro/libogc/lib/wii\libwiiuse.a(wpad.o)
                0x80007838                WPAD_ReadPending
 .text.WPAD_Shutdown
                0x800079d8      0x114 C:/devkitPro/libogc/lib/wii\libwiiuse.a(wpad.o)
                0x800079d8                WPAD_Shutdown
 .text.WPAD_Init
                0x80007aec      0x2c4 C:/devkitPro/libogc/lib/wii\libwiiuse.a(wpad.o)
                0x80007aec                WPAD_Init
 .text.__wpad_onreset
                0x80007db0       0x34 C:/devkitPro/libogc/lib/wii\libwiiuse.a(wpad.o)
 .text.WPAD_ScanPads
                0x80007de4       0x90 C:/devkitPro/libogc/lib/wii\libwiiuse.a(wpad.o)
                0x80007de4                WPAD_ScanPads
 .text.WPAD_ButtonsDown
                0x80007e74       0x28 C:/devkitPro/libogc/lib/wii\libwiiuse.a(wpad.o)
                0x80007e74                WPAD_ButtonsDown
 .text.motion_plus_disconnected
                0x80007e9c       0x10 C:/devkitPro/libogc/lib/wii\libwiiuse.a(motion_plus.o)
                0x80007e9c                motion_plus_disconnected
 .text.motion_plus_event
                0x80007eac       0x64 C:/devkitPro/libogc/lib/wii\libwiiuse.a(motion_plus.o)
                0x80007eac                motion_plus_event
 .text.calculate_gforce
                0x80007f10      0x114 C:/devkitPro/libogc/lib/wii\libwiiuse.a(dynamics.o)
                0x80007f10                calculate_gforce
 .text.calc_joystick_state
                0x80008024      0x210 C:/devkitPro/libogc/lib/wii\libwiiuse.a(dynamics.o)
                0x80008024                calc_joystick_state
 .text.apply_smoothing
                0x80008234      0x140 C:/devkitPro/libogc/lib/wii\libwiiuse.a(dynamics.o)
                0x80008234                apply_smoothing
 .text.calculate_orientation
                0x80008374      0x340 C:/devkitPro/libogc/lib/wii\libwiiuse.a(dynamics.o)
                0x80008374                calculate_orientation
 .text.calc_balanceboard_state
                0x800086b4      0x3a4 C:/devkitPro/libogc/lib/wii\libwiiuse.a(dynamics.o)
                0x800086b4                calc_balanceboard_state
 .text.wiiuse_handshake
                0x80008a58      0x27c C:/devkitPro/libogc/lib/wii\libwiiuse.a(io.o)
                0x80008a58                wiiuse_handshake
 .text.wiiuse_handshake_expansion
                0x80008cd4      0x1f0 C:/devkitPro/libogc/lib/wii\libwiiuse.a(io.o)
                0x80008cd4                wiiuse_handshake_expansion
 .text.wiiuse_handshake_expansion_start
                0x80008ec4       0x5c C:/devkitPro/libogc/lib/wii\libwiiuse.a(io.o)
                0x80008ec4                wiiuse_handshake_expansion_start
 .text.wiiuse_disable_expansion
                0x80008f20      0x1b0 C:/devkitPro/libogc/lib/wii\libwiiuse.a(io.o)
                0x80008f20                wiiuse_disable_expansion
 .text.__wiiuse_connected
                0x800090d0       0x9c C:/devkitPro/libogc/lib/wii\libwiiuse.a(io_wii.o)
 .text.__wiiuse_disconnected
                0x8000916c       0xb4 C:/devkitPro/libogc/lib/wii\libwiiuse.a(io_wii.o)
 .text.__wiiuse_receive
                0x80009220       0xd0 C:/devkitPro/libogc/lib/wii\libwiiuse.a(io_wii.o)
 .text.__wiiuse_sensorbar_enable
                0x800092f0       0x54 C:/devkitPro/libogc/lib/wii\libwiiuse.a(io_wii.o)
                0x800092f0                __wiiuse_sensorbar_enable
 .text.wiiuse_register
                0x80009344       0xf0 C:/devkitPro/libogc/lib/wii\libwiiuse.a(io_wii.o)
                0x80009344                wiiuse_register
 .text.wiiuse_disconnect
                0x80009434       0x24 C:/devkitPro/libogc/lib/wii\libwiiuse.a(io_wii.o)
                0x80009434                wiiuse_disconnect
 .text.wiiuse_init_cmd_queue
                0x80009458       0x9c C:/devkitPro/libogc/lib/wii\libwiiuse.a(io_wii.o)
                0x80009458                wiiuse_init_cmd_queue
 .text.wiiuse_io_write
                0x800094f4       0x1c C:/devkitPro/libogc/lib/wii\libwiiuse.a(io_wii.o)
                0x800094f4                wiiuse_io_write
 .text.rotate_dots
                0x80009510      0x13c C:/devkitPro/libogc/lib/wii\libwiiuse.a(ir.o)
 .text.get_ir_sens.constprop.0.isra.0
                0x8000964c       0xdc C:/devkitPro/libogc/lib/wii\libwiiuse.a(ir.o)
 .text.wiiuse_set_ir_mode
                0x80009728       0x5c C:/devkitPro/libogc/lib/wii\libwiiuse.a(ir.o)
                0x80009728                wiiuse_set_ir_mode
 .text.wiiuse_set_ir
                0x80009784      0x204 C:/devkitPro/libogc/lib/wii\libwiiuse.a(ir.o)
                0x80009784                wiiuse_set_ir
 .text.wiiuse_set_ir_position
                0x80009988       0x80 C:/devkitPro/libogc/lib/wii\libwiiuse.a(ir.o)
                0x80009988                wiiuse_set_ir_position
 .text.wiiuse_set_aspect_ratio
                0x80009a08       0xac C:/devkitPro/libogc/lib/wii\libwiiuse.a(ir.o)
                0x80009a08                wiiuse_set_aspect_ratio
 .text.wiiuse_set_ir_sensitivity
                0x80009ab4       0xe4 C:/devkitPro/libogc/lib/wii\libwiiuse.a(ir.o)
                0x80009ab4                wiiuse_set_ir_sensitivity
 .text.calculate_basic_ir
                0x80009b98       0xe8 C:/devkitPro/libogc/lib/wii\libwiiuse.a(ir.o)
                0x80009b98                calculate_basic_ir
 .text.calculate_extended_ir
                0x80009c80       0x64 C:/devkitPro/libogc/lib/wii\libwiiuse.a(ir.o)
                0x80009c80                calculate_extended_ir
 .text.find_sensorbar
                0x80009ce4      0xa00 C:/devkitPro/libogc/lib/wii\libwiiuse.a(ir.o)
                0x80009ce4                find_sensorbar
 .text.apply_ir_smoothing
                0x8000a6e4      0x124 C:/devkitPro/libogc/lib/wii\libwiiuse.a(ir.o)
                0x8000a6e4                apply_ir_smoothing
 .text.interpret_ir_data
                0x8000a808      0x3c8 C:/devkitPro/libogc/lib/wii\libwiiuse.a(ir.o)
                0x8000a808                interpret_ir_data
 .text.nunchuk_handshake
                0x8000abd0      0x31c C:/devkitPro/libogc/lib/wii\libwiiuse.a(nunchuk.o)
                0x8000abd0                nunchuk_handshake
 .text.nunchuk_disconnected
                0x8000aeec        0xc C:/devkitPro/libogc/lib/wii\libwiiuse.a(nunchuk.o)
                0x8000aeec                nunchuk_disconnected
 .text.nunchuk_event
                0x8000aef8       0xe8 C:/devkitPro/libogc/lib/wii\libwiiuse.a(nunchuk.o)
                0x8000aef8                nunchuk_event
 .text.wii_board_handshake
                0x8000afe0      0x284 C:/devkitPro/libogc/lib/wii\libwiiuse.a(wiiboard.o)
                0x8000afe0                wii_board_handshake
 .text.wii_board_disconnected
                0x8000b264        0xc C:/devkitPro/libogc/lib/wii\libwiiuse.a(wiiboard.o)
                0x8000b264                wii_board_disconnected
 .text.wii_board_event
                0x8000b270       0x24 C:/devkitPro/libogc/lib/wii\libwiiuse.a(wiiboard.o)
                0x8000b270                wii_board_event
 .text.wiiuse_send_next_command
                0x8000b294       0x58 C:/devkitPro/libogc/lib/wii\libwiiuse.a(wiiuse.o)
                0x8000b294                wiiuse_send_next_command
 .text.wiiuse_init
                0x8000b2ec      0x208 C:/devkitPro/libogc/lib/wii\libwiiuse.a(wiiuse.o)
                0x8000b2ec                wiiuse_init
 .text.wiiuse_set_flags
                0x8000b4f4       0x28 C:/devkitPro/libogc/lib/wii\libwiiuse.a(wiiuse.o)
                0x8000b4f4                wiiuse_set_flags
 .text.wiiuse_read_data
                0x8000b51c      0x154 C:/devkitPro/libogc/lib/wii\libwiiuse.a(wiiuse.o)
                0x8000b51c                wiiuse_read_data
 .text.wiiuse_write_data
                0x8000b670      0x18c C:/devkitPro/libogc/lib/wii\libwiiuse.a(wiiuse.o)
                0x8000b670                wiiuse_write_data
 .text.wiiuse_sendcmd
                0x8000b7fc      0x144 C:/devkitPro/libogc/lib/wii\libwiiuse.a(wiiuse.o)
                0x8000b7fc                wiiuse_sendcmd
 .text.wiiuse_set_leds
                0x8000b940       0x50 C:/devkitPro/libogc/lib/wii\libwiiuse.a(wiiuse.o)
                0x8000b940                wiiuse_set_leds
 .text.wiiuse_set_report_type
                0x8000b990       0xb0 C:/devkitPro/libogc/lib/wii\libwiiuse.a(wiiuse.o)
                0x8000b990                wiiuse_set_report_type
 .text.wiiuse_status
                0x8000ba40       0x4c C:/devkitPro/libogc/lib/wii\libwiiuse.a(wiiuse.o)
                0x8000ba40                wiiuse_status
 .text.wiiuse_motion_sensing
                0x8000ba8c       0x84 C:/devkitPro/libogc/lib/wii\libwiiuse.a(wiiuse.o)
                0x8000ba8c                wiiuse_motion_sensing
 .text.wiiuse_set_speaker
                0x8000bb10      0x24c C:/devkitPro/libogc/lib/wii\libwiiuse.a(speaker.o)
                0x8000bb10                wiiuse_set_speaker
 .text.classic_ctrl_handshake
                0x8000bd5c      0x410 C:/devkitPro/libogc/lib/wii\libwiiuse.a(classic.o)
                0x8000bd5c                classic_ctrl_handshake
 .text.classic_ctrl_disconnected
                0x8000c16c        0xc C:/devkitPro/libogc/lib/wii\libwiiuse.a(classic.o)
                0x8000c16c                classic_ctrl_disconnected
 .text.classic_ctrl_event
                0x8000c178      0x15c C:/devkitPro/libogc/lib/wii\libwiiuse.a(classic.o)
                0x8000c178                classic_ctrl_event
 .text.handle_expansion
                0x8000c2d4       0x54 C:/devkitPro/libogc/lib/wii\libwiiuse.a(events.o)
 .text.parse_event
                0x8000c328      0x730 C:/devkitPro/libogc/lib/wii\libwiiuse.a(events.o)
                0x8000c328                parse_event
 .text.guitar_hero_3_handshake
                0x8000ca58       0x5c C:/devkitPro/libogc/lib/wii\libwiiuse.a(guitar_hero_3.o)
                0x8000ca58                guitar_hero_3_handshake
 .text.guitar_hero_3_disconnected
                0x8000cab4        0xc C:/devkitPro/libogc/lib/wii\libwiiuse.a(guitar_hero_3.o)
                0x8000cab4                guitar_hero_3_disconnected
 .text.guitar_hero_3_event
                0x8000cac0       0x60 C:/devkitPro/libogc/lib/wii\libwiiuse.a(guitar_hero_3.o)
                0x8000cac0                guitar_hero_3_event
 .text.acl_wlp_completed
                0x8000cb20        0x8 C:/devkitPro/libogc/lib/wii\libbte.a(bte.o)
                0x8000cb20                acl_wlp_completed
 .text.bt_alarmhandler
                0x8000cb28       0x58 C:/devkitPro/libogc/lib/wii\libbte.a(bte.o)
 .text.__bte_send_pending_request
                0x8000cb80      0x108 C:/devkitPro/libogc/lib/wii\libbte.a(bte.o)
 .text.acl_conn_complete
                0x8000cc88       0x2c C:/devkitPro/libogc/lib/wii\libbte.a(bte.o)
                0x8000cc88                acl_conn_complete
 .text.l2cap_accepted
                0x8000ccb4      0x134 C:/devkitPro/libogc/lib/wii\libbte.a(bte.o)
                0x8000ccb4                l2cap_accepted
 .text.l2cap_disconnect_cfm
                0x8000cde8      0x19c C:/devkitPro/libogc/lib/wii\libbte.a(bte.o)
                0x8000cde8                l2cap_disconnect_cfm
 .text.bte_process_input
                0x8000cf84      0x128 C:/devkitPro/libogc/lib/wii\libbte.a(bte.o)
 .text.l2cap_disconnected_ind
                0x8000d0ac      0x1a4 C:/devkitPro/libogc/lib/wii\libbte.a(bte.o)
                0x8000d0ac                l2cap_disconnected_ind
 .text.__bte_shutdown_finished
                0x8000d250       0xe0 C:/devkitPro/libogc/lib/wii\libbte.a(bte.o)
 .text.bte_hci_apply_patch_complete
                0x8000d330      0x164 C:/devkitPro/libogc/lib/wii\libbte.a(bte.o)
                0x8000d330                bte_hci_apply_patch_complete
 .text.bte_hci_patch_complete
                0x8000d494      0x380 C:/devkitPro/libogc/lib/wii\libbte.a(bte.o)
                0x8000d494                bte_hci_patch_complete
 .text.bte_hci_initcore_complete
                0x8000d814      0x280 C:/devkitPro/libogc/lib/wii\libbte.a(bte.o)
                0x8000d814                bte_hci_initcore_complete
 .text.bte_read_stored_link_key_complete
                0x8000da94      0x27c C:/devkitPro/libogc/lib/wii\libbte.a(bte.o)
                0x8000da94                bte_read_stored_link_key_complete
 .text.bte_hci_initcore_complete2
                0x8000dd10      0x22c C:/devkitPro/libogc/lib/wii\libbte.a(bte.o)
 .text.bte_hci_initsub_complete
                0x8000df3c      0x280 C:/devkitPro/libogc/lib/wii\libbte.a(bte.o)
                0x8000df3c                bte_hci_initsub_complete
 .text.BTE_Init
                0x8000e1bc      0x138 C:/devkitPro/libogc/lib/wii\libbte.a(bte.o)
                0x8000e1bc                BTE_Init
 .text.BTE_Shutdown
                0x8000e2f4      0x100 C:/devkitPro/libogc/lib/wii\libbte.a(bte.o)
                0x8000e2f4                BTE_Shutdown
 .text.BTE_InitCore
                0x8000e3f4       0x8c C:/devkitPro/libogc/lib/wii\libbte.a(bte.o)
                0x8000e3f4                BTE_InitCore
 .text.BTE_ApplyPatch
                0x8000e480       0xa4 C:/devkitPro/libogc/lib/wii\libbte.a(bte.o)
                0x8000e480                BTE_ApplyPatch
 .text.BTE_InitSub
                0x8000e524       0x90 C:/devkitPro/libogc/lib/wii\libbte.a(bte.o)
                0x8000e524                BTE_InitSub
 .text.BTE_ReadStoredLinkKey
                0x8000e5b4       0x90 C:/devkitPro/libogc/lib/wii\libbte.a(bte.o)
                0x8000e5b4                BTE_ReadStoredLinkKey
 .text.BTE_SetDisconnectCallback
                0x8000e644        0x4 C:/devkitPro/libogc/lib/wii\libbte.a(bte.o)
                0x8000e644                BTE_SetDisconnectCallback
 .text.bte_new  0x8000e648       0x54 C:/devkitPro/libogc/lib/wii\libbte.a(bte.o)
                0x8000e648                bte_new
 .text.bte_registerdeviceasync
                0x8000e69c      0x158 C:/devkitPro/libogc/lib/wii\libbte.a(bte.o)
                0x8000e69c                bte_registerdeviceasync
 .text.bte_disconnect
                0x8000e7f4       0xd8 C:/devkitPro/libogc/lib/wii\libbte.a(bte.o)
                0x8000e7f4                bte_disconnect
 .text.bte_senddata
                0x8000e8cc      0x104 C:/devkitPro/libogc/lib/wii\libbte.a(bte.o)
                0x8000e8cc                bte_senddata
 .text.bte_arg  0x8000e9d0       0x38 C:/devkitPro/libogc/lib/wii\libbte.a(bte.o)
                0x8000e9d0                bte_arg
 .text.bte_received
                0x8000ea08       0x38 C:/devkitPro/libogc/lib/wii\libbte.a(bte.o)
                0x8000ea08                bte_received
 .text.bte_disconnected
                0x8000ea40       0x38 C:/devkitPro/libogc/lib/wii\libbte.a(bte.o)
                0x8000ea40                bte_disconnected
 .text.hci_get_link
                0x8000ea78       0x84 C:/devkitPro/libogc/lib/wii\libbte.a(hci.o)
 .text.hci_init
                0x8000eafc       0x80 C:/devkitPro/libogc/lib/wii\libbte.a(hci.o)
                0x8000eafc                hci_init
 .text.hci_close
                0x8000eb7c       0xd0 C:/devkitPro/libogc/lib/wii\libbte.a(hci.o)
                0x8000eb7c                hci_close
 .text.hci_reset_all
                0x8000ec4c       0xb8 C:/devkitPro/libogc/lib/wii\libbte.a(hci.o)
                0x8000ec4c                hci_reset_all
 .text.hci_arg  0x8000ed04        0xc C:/devkitPro/libogc/lib/wii\libbte.a(hci.o)
                0x8000ed04                hci_arg
 .text.hci_cmd_complete
                0x8000ed10        0xc C:/devkitPro/libogc/lib/wii\libbte.a(hci.o)
                0x8000ed10                hci_cmd_complete
 .text.hci_connection_complete
                0x8000ed1c        0xc C:/devkitPro/libogc/lib/wii\libbte.a(hci.o)
                0x8000ed1c                hci_connection_complete
 .text.hci_wlp_complete
                0x8000ed28        0xc C:/devkitPro/libogc/lib/wii\libbte.a(hci.o)
                0x8000ed28                hci_wlp_complete
 .text.hci_reset
                0x8000ed34       0xac C:/devkitPro/libogc/lib/wii\libbte.a(hci.o)
                0x8000ed34                hci_reset
 .text.hci_read_buffer_size
                0x8000ede0       0xac C:/devkitPro/libogc/lib/wii\libbte.a(hci.o)
                0x8000ede0                hci_read_buffer_size
 .text.hci_read_bd_addr
                0x8000ee8c       0xac C:/devkitPro/libogc/lib/wii\libbte.a(hci.o)
                0x8000ee8c                hci_read_bd_addr
 .text.hci_read_local_version
                0x8000ef38       0xa8 C:/devkitPro/libogc/lib/wii\libbte.a(hci.o)
                0x8000ef38                hci_read_local_version
 .text.hci_read_local_features
                0x8000efe0       0xac C:/devkitPro/libogc/lib/wii\libbte.a(hci.o)
                0x8000efe0                hci_read_local_features
 .text.hci_read_stored_link_key
                0x8000f08c      0x100 C:/devkitPro/libogc/lib/wii\libbte.a(hci.o)
                0x8000f08c                hci_read_stored_link_key
 .text.hci_write_page_timeout
                0x8000f18c       0xd0 C:/devkitPro/libogc/lib/wii\libbte.a(hci.o)
                0x8000f18c                hci_write_page_timeout
 .text.hci_write_scan_enable
                0x8000f25c       0xbc C:/devkitPro/libogc/lib/wii\libbte.a(hci.o)
                0x8000f25c                hci_write_scan_enable
 .text.hci_accecpt_conn_request
                0x8000f318       0xe0 C:/devkitPro/libogc/lib/wii\libbte.a(hci.o)
                0x8000f318                hci_accecpt_conn_request
 .text.hci_write_local_name
                0x8000f3f8       0xd8 C:/devkitPro/libogc/lib/wii\libbte.a(hci.o)
                0x8000f3f8                hci_write_local_name
 .text.hci_write_pin_type
                0x8000f4d0       0xbc C:/devkitPro/libogc/lib/wii\libbte.a(hci.o)
                0x8000f4d0                hci_write_pin_type
 .text.hci_write_inquiry_mode
                0x8000f58c       0xbc C:/devkitPro/libogc/lib/wii\libbte.a(hci.o)
                0x8000f58c                hci_write_inquiry_mode
 .text.hci_write_page_scan_type
                0x8000f648       0xbc C:/devkitPro/libogc/lib/wii\libbte.a(hci.o)
                0x8000f648                hci_write_page_scan_type
 .text.hci_write_inquiry_scan_type
                0x8000f704       0xbc C:/devkitPro/libogc/lib/wii\libbte.a(hci.o)
                0x8000f704                hci_write_inquiry_scan_type
 .text.hci_vendor_specific_command
                0x8000f7c0       0xe8 C:/devkitPro/libogc/lib/wii\libbte.a(hci.o)
                0x8000f7c0                hci_vendor_specific_command
 .text.hci_write_link_policy_settings
                0x8000f8a8      0x104 C:/devkitPro/libogc/lib/wii\libbte.a(hci.o)
                0x8000f8a8                hci_write_link_policy_settings
 .text.hci_pin_code_request_neg_reply
                0x8000f9ac       0xcc C:/devkitPro/libogc/lib/wii\libbte.a(hci.o)
                0x8000f9ac                hci_pin_code_request_neg_reply
 .text.hci_link_key_req_neg_reply
                0x8000fa78       0xcc C:/devkitPro/libogc/lib/wii\libbte.a(hci.o)
                0x8000fa78                hci_link_key_req_neg_reply
 .text.hci_disconnect
                0x8000fb44       0xfc C:/devkitPro/libogc/lib/wii\libbte.a(hci.o)
                0x8000fb44                hci_disconnect
 .text.hci_write_cod
                0x8000fc40       0xcc C:/devkitPro/libogc/lib/wii\libbte.a(hci.o)
                0x8000fc40                hci_write_cod
 .text.hci_host_buffer_size
                0x8000fd0c      0x10c C:/devkitPro/libogc/lib/wii\libbte.a(hci.o)
                0x8000fd0c                hci_host_buffer_size
 .text.hci_host_num_comp_packets
                0x8000fe18      0x108 C:/devkitPro/libogc/lib/wii\libbte.a(hci.o)
                0x8000fe18                hci_host_num_comp_packets
 .text.lp_pdu_maxsize
                0x8000ff20        0xc C:/devkitPro/libogc/lib/wii\libbte.a(hci.o)
                0x8000ff20                lp_pdu_maxsize
 .text.lp_acl_write
                0x8000ff2c      0x158 C:/devkitPro/libogc/lib/wii\libbte.a(hci.o)
                0x8000ff2c                lp_acl_write
 .text.lp_write_flush_timeout
                0x80010084      0x104 C:/devkitPro/libogc/lib/wii\libbte.a(hci.o)
                0x80010084                lp_write_flush_timeout
 .text.hci_event_handler
                0x80010188      0xc7c C:/devkitPro/libogc/lib/wii\libbte.a(hci.o)
                0x80010188                hci_event_handler
 .text.hci_acldata_handler
                0x80010e04      0x11c C:/devkitPro/libogc/lib/wii\libbte.a(hci.o)
                0x80010e04                hci_acldata_handler
 .text.l2cap_init
                0x80010f20       0x60 C:/devkitPro/libogc/lib/wii\libbte.a(l2cap.o)
                0x80010f20                l2cap_init
 .text.l2cap_write
                0x80010f80      0x1a0 C:/devkitPro/libogc/lib/wii\libbte.a(l2cap.o)
                0x80010f80                l2cap_write
 .text.l2cap_new
                0x80011120       0x60 C:/devkitPro/libogc/lib/wii\libbte.a(l2cap.o)
                0x80011120                l2cap_new
 .text.l2cap_close
                0x80011180      0x1d4 C:/devkitPro/libogc/lib/wii\libbte.a(l2cap.o)
                0x80011180                l2cap_close
 .text.l2cap_reset_all
                0x80011354      0x154 C:/devkitPro/libogc/lib/wii\libbte.a(l2cap.o)
                0x80011354                l2cap_reset_all
 .text.l2cap_signal
                0x800114a8      0x204 C:/devkitPro/libogc/lib/wii\libbte.a(l2cap.o)
                0x800114a8                l2cap_signal
 .text.l2ca_config_req
                0x800116ac      0x158 C:/devkitPro/libogc/lib/wii\libbte.a(l2cap.o)
                0x800116ac                l2ca_config_req
 .text.l2ca_disconnect_req
                0x80011804       0xcc C:/devkitPro/libogc/lib/wii\libbte.a(l2cap.o)
                0x80011804                l2ca_disconnect_req
 .text.l2cap_tmr
                0x800118d0      0x260 C:/devkitPro/libogc/lib/wii\libbte.a(l2cap.o)
                0x800118d0                l2cap_tmr
 .text.l2cap_process_sig
                0x80011b30     0x1334 C:/devkitPro/libogc/lib/wii\libbte.a(l2cap.o)
                0x80011b30                l2cap_process_sig
 .text.l2cap_input
                0x80012e64      0x578 C:/devkitPro/libogc/lib/wii\libbte.a(l2cap.o)
                0x80012e64                l2cap_input
 .text.l2ca_datawrite
                0x800133dc      0x128 C:/devkitPro/libogc/lib/wii\libbte.a(l2cap.o)
                0x800133dc                l2ca_datawrite
 .text.lp_connect_cfm
                0x80013504      0x184 C:/devkitPro/libogc/lib/wii\libbte.a(l2cap.o)
                0x80013504                lp_connect_cfm
 .text.lp_connect_ind
                0x80013688        0x4 C:/devkitPro/libogc/lib/wii\libbte.a(l2cap.o)
                0x80013688                lp_connect_ind
 .text.lp_disconnect_ind
                0x8001368c      0x124 C:/devkitPro/libogc/lib/wii\libbte.a(l2cap.o)
                0x8001368c                lp_disconnect_ind
 .text.l2cap_disconnect_bb
                0x800137b0       0x10 C:/devkitPro/libogc/lib/wii\libbte.a(l2cap.o)
                0x800137b0                l2cap_disconnect_bb
 .text.l2cap_arg
                0x800137c0        0x8 C:/devkitPro/libogc/lib/wii\libbte.a(l2cap.o)
                0x800137c0                l2cap_arg
 .text.l2cap_connect_ind
                0x800137c8      0x104 C:/devkitPro/libogc/lib/wii\libbte.a(l2cap.o)
                0x800137c8                l2cap_connect_ind
 .text.l2cap_disconnect_ind
                0x800138cc        0x8 C:/devkitPro/libogc/lib/wii\libbte.a(l2cap.o)
                0x800138cc                l2cap_disconnect_ind
 .text.l2cap_recv
                0x800138d4        0x8 C:/devkitPro/libogc/lib/wii\libbte.a(l2cap.o)
                0x800138d4                l2cap_recv
 .text.btmemb_init
                0x800138dc       0x24 C:/devkitPro/libogc/lib/wii\libbte.a(btmemb.o)
                0x800138dc                btmemb_init
 .text.btmemb_alloc
                0x80013900       0x98 C:/devkitPro/libogc/lib/wii\libbte.a(btmemb.o)
                0x80013900                btmemb_alloc
 .text.btmemb_free
                0x80013998      0x114 C:/devkitPro/libogc/lib/wii\libbte.a(btmemb.o)
                0x80013998                btmemb_free
 .text.plug_holes
                0x80013aac       0xac C:/devkitPro/libogc/lib/wii\libbte.a(btmemr.o)
 .text.btmemr_init
                0x80013b58       0xa4 C:/devkitPro/libogc/lib/wii\libbte.a(btmemr.o)
                0x80013b58                btmemr_init
 .text.btmemr_malloc
                0x80013bfc      0x17c C:/devkitPro/libogc/lib/wii\libbte.a(btmemr.o)
                0x80013bfc                btmemr_malloc
 .text.btmemr_free
                0x80013d78       0x98 C:/devkitPro/libogc/lib/wii\libbte.a(btmemr.o)
                0x80013d78                btmemr_free
 .text.btmemr_realloc
                0x80013e10      0x108 C:/devkitPro/libogc/lib/wii\libbte.a(btmemr.o)
                0x80013e10                btmemr_realloc
 .text.btpbuf_init
                0x80013f18       0x28 C:/devkitPro/libogc/lib/wii\libbte.a(btpbuf.o)
                0x80013f18                btpbuf_init
 .text.btpbuf_free
                0x80013f40      0x11c C:/devkitPro/libogc/lib/wii\libbte.a(btpbuf.o)
                0x80013f40                btpbuf_free
 .text.btpbuf_alloc
                0x8001405c      0x250 C:/devkitPro/libogc/lib/wii\libbte.a(btpbuf.o)
                0x8001405c                btpbuf_alloc
 .text.btpbuf_realloc
                0x800142ac      0x110 C:/devkitPro/libogc/lib/wii\libbte.a(btpbuf.o)
                0x800142ac                btpbuf_realloc
 .text.btpbuf_header
                0x800143bc       0x84 C:/devkitPro/libogc/lib/wii\libbte.a(btpbuf.o)
                0x800143bc                btpbuf_header
 .text.btpbuf_ref
                0x80014440       0x48 C:/devkitPro/libogc/lib/wii\libbte.a(btpbuf.o)
                0x80014440                btpbuf_ref
 .text.btpbuf_chain
                0x80014488       0x9c C:/devkitPro/libogc/lib/wii\libbte.a(btpbuf.o)
                0x80014488                btpbuf_chain
 .text.btpbuf_dechain
                0x80014524       0x7c C:/devkitPro/libogc/lib/wii\libbte.a(btpbuf.o)
                0x80014524                btpbuf_dechain
 .text.btpbuf_take
                0x800145a0      0x13c C:/devkitPro/libogc/lib/wii\libbte.a(btpbuf.o)
                0x800145a0                btpbuf_take
 .text.__usb_closeCB
                0x800146dc       0x10 C:/devkitPro/libogc/lib/wii\libbte.a(physbusif.o)
 .text.__writebulkmsgCB
                0x800146ec       0x3c C:/devkitPro/libogc/lib/wii\libbte.a(physbusif.o)
 .text.__writectrlmsgCB
                0x80014728       0x3c C:/devkitPro/libogc/lib/wii\libbte.a(physbusif.o)
 .text.__issue_intrread.part.0
                0x80014764       0x80 C:/devkitPro/libogc/lib/wii\libbte.a(physbusif.o)
 .text.__readintrdataCB
                0x800147e4      0x148 C:/devkitPro/libogc/lib/wii\libbte.a(physbusif.o)
 .text.__issue_bulkread.part.0
                0x8001492c       0x80 C:/devkitPro/libogc/lib/wii\libbte.a(physbusif.o)
 .text.__readbulkdataCB
                0x800149ac      0x148 C:/devkitPro/libogc/lib/wii\libbte.a(physbusif.o)
 .text.physbusif_init
                0x80014af4      0x1ec C:/devkitPro/libogc/lib/wii\libbte.a(physbusif.o)
                0x80014af4                physbusif_init
 .text.physbusif_close
                0x80014ce0       0x20 C:/devkitPro/libogc/lib/wii\libbte.a(physbusif.o)
                0x80014ce0                physbusif_close
 .text.physbusif_shutdown
                0x80014d00       0x24 C:/devkitPro/libogc/lib/wii\libbte.a(physbusif.o)
                0x80014d00                physbusif_shutdown
 .text.physbusif_reset_all
                0x80014d24        0x4 C:/devkitPro/libogc/lib/wii\libbte.a(physbusif.o)
                0x80014d24                physbusif_reset_all
 .text.physbusif_output
                0x80014d28      0x1c4 C:/devkitPro/libogc/lib/wii\libbte.a(physbusif.o)
                0x80014d28                physbusif_output
 .text.Do3Band  0x80014eec      0x128 C:/devkitPro/libogc/lib/wii\libmad.a(mp3player.o)
 .text._mp3ramcopy
                0x80015014       0x7c C:/devkitPro/libogc/lib/wii\libmad.a(mp3player.o)
 .text.StreamPlay
                0x80015090      0x660 C:/devkitPro/libogc/lib/wii\libmad.a(mp3player.o)
 .text.DataTransferCallback
                0x800156f0      0x52c C:/devkitPro/libogc/lib/wii\libmad.a(mp3player.o)
 .text.MP3Player_Init
                0x80015c1c       0x3c C:/devkitPro/libogc/lib/wii\libmad.a(mp3player.o)
                0x80015c1c                MP3Player_Init
 .text.MP3Player_PlayBuffer
                0x80015c58       0x88 C:/devkitPro/libogc/lib/wii\libmad.a(mp3player.o)
                0x80015c58                MP3Player_PlayBuffer
 .text.decode_header
                0x80015ce0      0x2d8 C:/devkitPro/libogc/lib/wii\libmad.a(frame.o)
 .text.mad_frame_init
                0x80015fb8       0x54 C:/devkitPro/libogc/lib/wii\libmad.a(frame.o)
                0x80015fb8                mad_frame_init
 .text.mad_frame_finish
                0x8001600c       0x40 C:/devkitPro/libogc/lib/wii\libmad.a(frame.o)
                0x8001600c                mad_frame_finish
 .text.mad_header_decode
                0x8001604c      0x4e0 C:/devkitPro/libogc/lib/wii\libmad.a(frame.o)
                0x8001604c                mad_header_decode
 .text.mad_frame_decode
                0x8001652c       0xf8 C:/devkitPro/libogc/lib/wii\libmad.a(frame.o)
                0x8001652c                mad_frame_decode
 .text.I_sample
                0x80016624       0x80 C:/devkitPro/libogc/lib/wii\libmad.a(layer12.o)
 .text.II_samples
                0x800166a4      0x134 C:/devkitPro/libogc/lib/wii\libmad.a(layer12.o)
 .text.mad_layer_I
                0x800167d8      0x450 C:/devkitPro/libogc/lib/wii\libmad.a(layer12.o)
                0x800167d8                mad_layer_I
 .text.mad_layer_II
                0x80016c28      0xa54 C:/devkitPro/libogc/lib/wii\libmad.a(layer12.o)
                0x80016c28                mad_layer_II
 .text.III_requantize
                0x8001767c       0xb8 C:/devkitPro/libogc/lib/wii\libmad.a(layer3.o)
 .text.III_aliasreduce
                0x80017734       0xe4 C:/devkitPro/libogc/lib/wii\libmad.a(layer3.o)
 .text.III_imdct_l
                0x80017818     0x180c C:/devkitPro/libogc/lib/wii\libmad.a(layer3.o)
 .text.III_imdct_s
                0x80019024      0x2d8 C:/devkitPro/libogc/lib/wii\libmad.a(layer3.o)
 .text.III_freqinver
                0x800192fc       0x88 C:/devkitPro/libogc/lib/wii\libmad.a(layer3.o)
 .text.III_decode
                0x80019384     0x1ef0 C:/devkitPro/libogc/lib/wii\libmad.a(layer3.o)
 .text.mad_layer_III
                0x8001b274      0x84c C:/devkitPro/libogc/lib/wii\libmad.a(layer3.o)
                0x8001b274                mad_layer_III
 .text.mad_stream_init
                0x8001bac0       0x7c C:/devkitPro/libogc/lib/wii\libmad.a(stream.o)
                0x8001bac0                mad_stream_init
 .text.mad_stream_finish
                0x8001bb3c       0x40 C:/devkitPro/libogc/lib/wii\libmad.a(stream.o)
                0x8001bb3c                mad_stream_finish
 .text.mad_stream_buffer
                0x8001bb7c       0x28 C:/devkitPro/libogc/lib/wii\libmad.a(stream.o)
                0x8001bb7c                mad_stream_buffer
 .text.mad_stream_sync
                0x8001bba4       0xa0 C:/devkitPro/libogc/lib/wii\libmad.a(stream.o)
                0x8001bba4                mad_stream_sync
 .text.dct32    0x8001bc44      0xea8 C:/devkitPro/libogc/lib/wii\libmad.a(synth.o)
 .text.synth_full
                0x8001caec      0x840 C:/devkitPro/libogc/lib/wii\libmad.a(synth.o)
 .text.synth_half
                0x8001d32c      0x85c C:/devkitPro/libogc/lib/wii\libmad.a(synth.o)
 .text.mad_synth_mute
                0x8001db88       0x40 C:/devkitPro/libogc/lib/wii\libmad.a(synth.o)
                0x8001db88                mad_synth_mute
 .text.mad_synth_init
                0x8001dbc8       0x3c C:/devkitPro/libogc/lib/wii\libmad.a(synth.o)
                0x8001dbc8                mad_synth_init
 .text.mad_synth_frame
                0x8001dc04      0x154 C:/devkitPro/libogc/lib/wii\libmad.a(synth.o)
                0x8001dc04                mad_synth_frame
 .text.scale_rational
                0x8001dd58       0xfc C:/devkitPro/libogc/lib/wii\libmad.a(timer.o)
 .text.mad_timer_set
                0x8001de54      0x1a0 C:/devkitPro/libogc/lib/wii\libmad.a(timer.o)
                0x8001de54                mad_timer_set
 .text.mad_timer_add
                0x8001dff4       0x60 C:/devkitPro/libogc/lib/wii\libmad.a(timer.o)
                0x8001dff4                mad_timer_add
 .text.mad_bit_init
                0x8001e054       0x10 C:/devkitPro/libogc/lib/wii\libmad.a(bit.o)
                0x8001e054                mad_bit_init
 .text.mad_bit_length
                0x8001e064       0x2c C:/devkitPro/libogc/lib/wii\libmad.a(bit.o)
                0x8001e064                mad_bit_length
 .text.mad_bit_nextbyte
                0x8001e090       0x18 C:/devkitPro/libogc/lib/wii\libmad.a(bit.o)
                0x8001e090                mad_bit_nextbyte
 .text.mad_bit_skip
                0x8001e0a8       0x60 C:/devkitPro/libogc/lib/wii\libmad.a(bit.o)
                0x8001e0a8                mad_bit_skip
 .text.mad_bit_read
                0x8001e108      0x114 C:/devkitPro/libogc/lib/wii\libmad.a(bit.o)
                0x8001e108                mad_bit_read
 .text.mad_bit_crc
                0x8001e21c      0x1f4 C:/devkitPro/libogc/lib/wii\libmad.a(bit.o)
                0x8001e21c                mad_bit_crc
 .text.__dsp_donecallback
                0x8001e410        0xc C:/devkitPro/libogc/lib/wii\libasnd.a(asndlib.o)
 .text.__dsp_initcallback
                0x8001e41c       0x58 C:/devkitPro/libogc/lib/wii\libasnd.a(asndlib.o)
 .text.audio_dma_callback
                0x8001e474      0x5a0 C:/devkitPro/libogc/lib/wii\libasnd.a(asndlib.o)
 .text.__dsp_requestcallback
                0x8001ea14      0x65c C:/devkitPro/libogc/lib/wii\libasnd.a(asndlib.o)
 .text.ASND_Init
                0x8001f070      0x1c0 C:/devkitPro/libogc/lib/wii\libasnd.a(asndlib.o)
                0x8001f070                ASND_Init
 .text.ASND_SetVoice
                0x8001f230      0x200 C:/devkitPro/libogc/lib/wii\libasnd.a(asndlib.o)
                0x8001f230                ASND_SetVoice
 .text.ASND_AddVoice
                0x8001f430      0x110 C:/devkitPro/libogc/lib/wii\libasnd.a(asndlib.o)
                0x8001f430                ASND_AddVoice
 .text.ASND_TestPointer
                0x8001f540       0x78 C:/devkitPro/libogc/lib/wii\libasnd.a(asndlib.o)
                0x8001f540                ASND_TestPointer
 .text.ASND_StopVoice
                0x8001f5b8       0x74 C:/devkitPro/libogc/lib/wii\libasnd.a(asndlib.o)
                0x8001f5b8                ASND_StopVoice
 .text.ASND_StatusVoice
                0x8001f62c       0x8c C:/devkitPro/libogc/lib/wii\libasnd.a(asndlib.o)
                0x8001f62c                ASND_StatusVoice
 .text.ASND_Pause
                0x8001f6b8        0x8 C:/devkitPro/libogc/lib/wii\libasnd.a(asndlib.o)
                0x8001f6b8                ASND_Pause
 .text.__console_clear_line
                0x8001f6c0       0xb4 C:/devkitPro/libogc/lib/wii\libogc.a(console.o)
 .text.__console_clear
                0x8001f774       0xbc C:/devkitPro/libogc/lib/wii\libogc.a(console.o)
 .text.__console_write
                0x8001f830      0x82c C:/devkitPro/libogc/lib/wii\libogc.a(console.o)
                0x8001f830                __console_write
 .text.__console_init
                0x8002005c      0x120 C:/devkitPro/libogc/lib/wii\libogc.a(console.o)
                0x8002005c                __console_init
 .text.CON_Init
                0x8002017c        0x4 C:/devkitPro/libogc/lib/wii\libogc.a(console.o)
                0x8002017c                CON_Init
 .text.CON_EnableGecko
                0x80020180      0x100 C:/devkitPro/libogc/lib/wii\libogc.a(console.o)
                0x80020180                CON_EnableGecko
 .text.__lwp_queue_initialize
                0x80020280       0x98 C:/devkitPro/libogc/lib/wii\libogc.a(lwp_queue.o)
                0x80020280                __lwp_queue_initialize
 .text.__lwp_queue_get
                0x80020318       0x74 C:/devkitPro/libogc/lib/wii\libogc.a(lwp_queue.o)
                0x80020318                __lwp_queue_get
 .text.__lwp_queue_append
                0x8002038c       0x4c C:/devkitPro/libogc/lib/wii\libogc.a(lwp_queue.o)
                0x8002038c                __lwp_queue_append
 .text.__syscall_getreent
                0x800203d8       0x24 C:/devkitPro/libogc/lib/wii\libogc.a(lwp_threads.o)
                0x800203d8                __syscall_getreent
 .text.__lwp_isr_in_progress
                0x800203fc        0x8 C:/devkitPro/libogc/lib/wii\libogc.a(lwp_threads.o)
                0x800203fc                __lwp_isr_in_progress
 .text.__thread_dispatch_fp
                0x80020404       0x88 C:/devkitPro/libogc/lib/wii\libogc.a(lwp_threads.o)
                0x80020404                __thread_dispatch_fp
 .text.__thread_dispatch
                0x8002048c       0xf4 C:/devkitPro/libogc/lib/wii\libogc.a(lwp_threads.o)
                0x8002048c                __thread_dispatch
 .text.__lwp_thread_resettimeslice
                0x80020580       0xb4 C:/devkitPro/libogc/lib/wii\libogc.a(lwp_threads.o)
                0x80020580                __lwp_thread_resettimeslice
 .text.__lwp_thread_tickle_timeslice
                0x80020634       0xc8 C:/devkitPro/libogc/lib/wii\libogc.a(lwp_threads.o)
                0x80020634                __lwp_thread_tickle_timeslice
 .text.__lwp_thread_setstate
                0x800206fc      0x16c C:/devkitPro/libogc/lib/wii\libogc.a(lwp_threads.o)
                0x800206fc                __lwp_thread_setstate
 .text.__lwp_thread_clearstate
                0x80020868       0xe4 C:/devkitPro/libogc/lib/wii\libogc.a(lwp_threads.o)
                0x80020868                __lwp_thread_clearstate
 .text.__lwp_thread_delayended
                0x8002094c       0x48 C:/devkitPro/libogc/lib/wii\libogc.a(lwp_threads.o)
                0x8002094c                __lwp_thread_delayended
 .text.__lwp_thread_settransient
                0x80020994       0xb4 C:/devkitPro/libogc/lib/wii\libogc.a(lwp_threads.o)
                0x80020994                __lwp_thread_settransient
 .text.__lwp_thread_changepriority
                0x80020a48      0x1f8 C:/devkitPro/libogc/lib/wii\libogc.a(lwp_threads.o)
                0x80020a48                __lwp_thread_changepriority
 .text.__lwp_thread_ready
                0x80020c40       0xf0 C:/devkitPro/libogc/lib/wii\libogc.a(lwp_threads.o)
                0x80020c40                __lwp_thread_ready
 .text.__lwp_thread_init
                0x80020d30      0x160 C:/devkitPro/libogc/lib/wii\libogc.a(lwp_threads.o)
                0x80020d30                __lwp_thread_init
 .text.__lwp_thread_close
                0x80020e90      0x144 C:/devkitPro/libogc/lib/wii\libogc.a(lwp_threads.o)
                0x80020e90                __lwp_thread_close
 .text.__lwp_thread_handler
                0x80020fd4       0xc0 C:/devkitPro/libogc/lib/wii\libogc.a(lwp_threads.o)
 .text.__lwp_thread_closeall
                0x80021094       0xb0 C:/devkitPro/libogc/lib/wii\libogc.a(lwp_threads.o)
                0x80021094                __lwp_thread_closeall
 .text.__lwp_thread_start
                0x80021144      0x150 C:/devkitPro/libogc/lib/wii\libogc.a(lwp_threads.o)
                0x80021144                __lwp_thread_start
 .text.__lwp_thread_startmultitasking
                0x80021294       0xac C:/devkitPro/libogc/lib/wii\libogc.a(lwp_threads.o)
                0x80021294                __lwp_thread_startmultitasking
 .text.__lwp_thread_stopmultitasking
                0x80021340       0x58 C:/devkitPro/libogc/lib/wii\libogc.a(lwp_threads.o)
                0x80021340                __lwp_thread_stopmultitasking
 .text.__lwp_thread_coreinit
                0x80021398       0xc4 C:/devkitPro/libogc/lib/wii\libogc.a(lwp_threads.o)
                0x80021398                __lwp_thread_coreinit
 .text.idle_func
                0x8002145c        0x4 C:/devkitPro/libogc/lib/wii\libogc.a(lwp.o)
 .text.__lwp_sysinit
                0x80021460      0x114 C:/devkitPro/libogc/lib/wii\libogc.a(lwp.o)
                0x80021460                __lwp_sysinit
 .text.LWP_CreateThread
                0x80021574      0x1b0 C:/devkitPro/libogc/lib/wii\libogc.a(lwp.o)
                0x80021574                LWP_CreateThread
 .text.LWP_InitQueue
                0x80021724      0x140 C:/devkitPro/libogc/lib/wii\libogc.a(lwp.o)
                0x80021724                LWP_InitQueue
 .text.LWP_CloseQueue
                0x80021864       0xd4 C:/devkitPro/libogc/lib/wii\libogc.a(lwp.o)
                0x80021864                LWP_CloseQueue
 .text.LWP_ThreadSleep
                0x80021938       0xf8 C:/devkitPro/libogc/lib/wii\libogc.a(lwp.o)
                0x80021938                LWP_ThreadSleep
 .text.LWP_ThreadBroadcast
                0x80021a30       0x88 C:/devkitPro/libogc/lib/wii\libogc.a(lwp.o)
                0x80021a30                LWP_ThreadBroadcast
 .text.LWP_ThreadSignal
                0x80021ab8       0x74 C:/devkitPro/libogc/lib/wii\libogc.a(lwp.o)
                0x80021ab8                LWP_ThreadSignal
 .text.__lwp_stack_allocate
                0x80021b2c       0x60 C:/devkitPro/libogc/lib/wii\libogc.a(lwp_stack.o)
                0x80021b2c                __lwp_stack_allocate
 .text.__lwp_stack_free
                0x80021b8c       0x1c C:/devkitPro/libogc/lib/wii\libogc.a(lwp_stack.o)
                0x80021b8c                __lwp_stack_free
 .text.__lwp_wd_settimer
                0x80021ba8       0xe0 C:/devkitPro/libogc/lib/wii\libogc.a(lwp_watchdog.o)
 .text.__lwp_watchdog_init
                0x80021c88       0x2c C:/devkitPro/libogc/lib/wii\libogc.a(lwp_watchdog.o)
                0x80021c88                __lwp_watchdog_init
 .text.__lwp_wd_insert
                0x80021cb4      0x194 C:/devkitPro/libogc/lib/wii\libogc.a(lwp_watchdog.o)
                0x80021cb4                __lwp_wd_insert
 .text.__lwp_wd_remove
                0x80021e48      0x138 C:/devkitPro/libogc/lib/wii\libogc.a(lwp_watchdog.o)
                0x80021e48                __lwp_wd_remove
 .text.__lwp_wd_tickle
                0x80021f80      0x120 C:/devkitPro/libogc/lib/wii\libogc.a(lwp_watchdog.o)
                0x80021f80                __lwp_wd_tickle
 .text.__lwp_wkspace_init
                0x800220a0       0xc0 C:/devkitPro/libogc/lib/wii\libogc.a(lwp_wkspace.o)
                0x800220a0                __lwp_wkspace_init
 .text.__lwp_objmgr_initinfo
                0x80022160      0x1a0 C:/devkitPro/libogc/lib/wii\libogc.a(lwp_objmgr.o)
                0x80022160                __lwp_objmgr_initinfo
 .text.__lwp_objmgr_getisrdisable
                0x80022300       0x60 C:/devkitPro/libogc/lib/wii\libogc.a(lwp_objmgr.o)
                0x80022300                __lwp_objmgr_getisrdisable
 .text.__lwp_objmgr_getnoprotection
                0x80022360       0x24 C:/devkitPro/libogc/lib/wii\libogc.a(lwp_objmgr.o)
                0x80022360                __lwp_objmgr_getnoprotection
 .text.__lwp_objmgr_get
                0x80022384       0x6c C:/devkitPro/libogc/lib/wii\libogc.a(lwp_objmgr.o)
                0x80022384                __lwp_objmgr_get
 .text.__lwp_objmgr_allocate
                0x800223f0       0x88 C:/devkitPro/libogc/lib/wii\libogc.a(lwp_objmgr.o)
                0x800223f0                __lwp_objmgr_allocate
 .text.__lwp_objmgr_free
                0x80022478       0x60 C:/devkitPro/libogc/lib/wii\libogc.a(lwp_objmgr.o)
                0x80022478                __lwp_objmgr_free
 .text.__lwp_heap_init
                0x800224d8       0xa4 C:/devkitPro/libogc/lib/wii\libogc.a(lwp_heap.o)
                0x800224d8                __lwp_heap_init
 .text.__lwp_heap_allocate
                0x8002257c      0x160 C:/devkitPro/libogc/lib/wii\libogc.a(lwp_heap.o)
                0x8002257c                __lwp_heap_allocate
 .text.__lwp_heap_free
                0x800226dc      0x188 C:/devkitPro/libogc/lib/wii\libogc.a(lwp_heap.o)
                0x800226dc                __lwp_heap_free
 .text.__SetInterrupts
                0x80022864      0x268 C:/devkitPro/libogc/lib/wii\libogc.a(irq.o)
 .text.c_irqdispatcher
                0x80022acc      0x278 C:/devkitPro/libogc/lib/wii\libogc.a(irq.o)
                0x80022acc                c_irqdispatcher
 .text.__UnmaskIrq
                0x80022d44       0x84 C:/devkitPro/libogc/lib/wii\libogc.a(irq.o)
                0x80022d44                __UnmaskIrq
 .text.__MaskIrq
                0x80022dc8       0x84 C:/devkitPro/libogc/lib/wii\libogc.a(irq.o)
                0x80022dc8                __MaskIrq
 .text.__irq_init
                0x80022e4c       0x84 C:/devkitPro/libogc/lib/wii\libogc.a(irq.o)
                0x80022e4c                __irq_init
 .text.IRQ_Request
                0x80022ed0       0x50 C:/devkitPro/libogc/lib/wii\libogc.a(irq.o)
                0x80022ed0                IRQ_Request
 .text.IRQ_GetHandler
                0x80022f20       0x44 C:/devkitPro/libogc/lib/wii\libogc.a(irq.o)
                0x80022f20                IRQ_GetHandler
 .text.IRQ_Disable
                0x80022f64       0x1c C:/devkitPro/libogc/lib/wii\libogc.a(irq.o)
                0x80022f64                IRQ_Disable
 .text.IRQ_Restore
                0x80022f80       0x1c C:/devkitPro/libogc/lib/wii\libogc.a(irq.o)
                0x80022f80                IRQ_Restore
 .text.__VISendI2CData.constprop.0.isra.0
                0x80022f9c      0x450 C:/devkitPro/libogc/lib/wii\libogc.a(video.o)
 .text.__setFbbRegs.constprop.0
                0x800233ec      0x190 C:/devkitPro/libogc/lib/wii\libogc.a(video.o)
 .text.__VISetYUVSEL
                0x8002357c       0xb8 C:/devkitPro/libogc/lib/wii\libogc.a(video.o)
 .text.VIDEO_Configure
                0x80023634      0x5ec C:/devkitPro/libogc/lib/wii\libogc.a(video.o)
                0x80023634                VIDEO_Configure
 .text.VIDEO_WaitVSync
                0x80023c20       0x74 C:/devkitPro/libogc/lib/wii\libogc.a(video.o)
                0x80023c20                VIDEO_WaitVSync
 .text.VIDEO_SetFramebuffer
                0x80023c94      0x108 C:/devkitPro/libogc/lib/wii\libogc.a(video.o)
                0x80023c94                VIDEO_SetFramebuffer
 .text.VIDEO_SetNextFramebuffer
                0x80023d9c       0x70 C:/devkitPro/libogc/lib/wii\libogc.a(video.o)
                0x80023d9c                VIDEO_SetNextFramebuffer
 .text.VIDEO_Flush
                0x80023e0c       0xf4 C:/devkitPro/libogc/lib/wii\libogc.a(video.o)
                0x80023e0c                VIDEO_Flush
 .text.VIDEO_SetBlack
                0x80023f00      0x15c C:/devkitPro/libogc/lib/wii\libogc.a(video.o)
                0x80023f00                VIDEO_SetBlack
 .text.VIDEO_GetCurrentTvMode
                0x8002405c       0x78 C:/devkitPro/libogc/lib/wii\libogc.a(video.o)
                0x8002405c                VIDEO_GetCurrentTvMode
 .text.__VIRetraceHandler
                0x800240d4      0x298 C:/devkitPro/libogc/lib/wii\libogc.a(video.o)
 .text.__VISetupEncoder
                0x8002436c      0x2cc C:/devkitPro/libogc/lib/wii\libogc.a(video.o)
 .text.VIDEO_Init
                0x80024638      0x4e4 C:/devkitPro/libogc/lib/wii\libogc.a(video.o)
                0x80024638                VIDEO_Init
 .text.VIDEO_GetPreferredMode
                0x80024b1c      0x108 C:/devkitPro/libogc/lib/wii\libogc.a(video.o)
                0x80024b1c                VIDEO_GetPreferredMode
 .text.VIDEO_GetCurrentLine
                0x80024c24       0x9c C:/devkitPro/libogc/lib/wii\libogc.a(video.o)
                0x80024c24                VIDEO_GetCurrentLine
 .text.VIDEO_GetFrameBufferSize
                0x80024cc0       0x34 C:/devkitPro/libogc/lib/wii\libogc.a(video.o)
                0x80024cc0                VIDEO_GetFrameBufferSize
 .text.__call_resetfuncs
                0x80024cf4       0xbc C:/devkitPro/libogc/lib/wii\libogc.a(system.o)
 .text.__MEMInterruptHandler
                0x80024db0       0x14 C:/devkitPro/libogc/lib/wii\libogc.a(system.o)
 .text.__RSWDefaultHandler
                0x80024dc4        0x4 C:/devkitPro/libogc/lib/wii\libogc.a(system.o)
 .text.__POWDefaultHandler
                0x80024dc8        0x4 C:/devkitPro/libogc/lib/wii\libogc.a(system.o)
 .text.__STMEventHandler
                0x80024dcc      0x104 C:/devkitPro/libogc/lib/wii\libogc.a(system.o)
 .text.__getrtc
                0x80024ed0      0x13c C:/devkitPro/libogc/lib/wii\libogc.a(system.o)
 .text.__sram_write
                0x8002500c      0x130 C:/devkitPro/libogc/lib/wii\libogc.a(system.o)
 .text.__sram_writecallback
                0x8002513c       0x54 C:/devkitPro/libogc/lib/wii\libogc.a(system.o)
 .text.__mem_onreset
                0x80025190       0x48 C:/devkitPro/libogc/lib/wii\libogc.a(system.o)
 .text.__unlocksram
                0x800251d8      0x174 C:/devkitPro/libogc/lib/wii\libogc.a(system.o)
 .text.__sys_alarmhandler
                0x8002534c      0x154 C:/devkitPro/libogc/lib/wii\libogc.a(system.o)
 .text.__syscall_malloc_lock
                0x800254a0        0x4 C:/devkitPro/libogc/lib/wii\libogc.a(system.o)
                0x800254a0                __syscall_malloc_lock
 .text.__syscall_malloc_unlock
                0x800254a4        0x4 C:/devkitPro/libogc/lib/wii\libogc.a(system.o)
                0x800254a4                __syscall_malloc_unlock
 .text.__syscall_nanosleep
                0x800254a8        0x4 C:/devkitPro/libogc/lib/wii\libogc.a(system.o)
                0x800254a8                __syscall_nanosleep
 .text.__SYS_GetRTC
                0x800254ac       0xa0 C:/devkitPro/libogc/lib/wii\libogc.a(system.o)
                0x800254ac                __SYS_GetRTC
 .text.__SYS_SetBootTime
                0x8002554c      0x108 C:/devkitPro/libogc/lib/wii\libogc.a(system.o)
                0x8002554c                __SYS_SetBootTime
 .text.__SYS_GetIPCBufferLo
                0x80025654        0x8 C:/devkitPro/libogc/lib/wii\libogc.a(system.o)
                0x80025654                __SYS_GetIPCBufferLo
 .text.__SYS_GetIPCBufferHi
                0x8002565c        0x8 C:/devkitPro/libogc/lib/wii\libogc.a(system.o)
                0x8002565c                __SYS_GetIPCBufferHi
 .text.__SYS_DoPowerCB
                0x80025664       0x74 C:/devkitPro/libogc/lib/wii\libogc.a(system.o)
                0x80025664                __SYS_DoPowerCB
 .text.__SYS_PreInit
                0x800256d8        0x4 C:/devkitPro/libogc/lib/wii\libogc.a(system.o)
                0x800256d8                __SYS_PreInit
 .text.SYS_PreMain
                0x800256dc       0x7c C:/devkitPro/libogc/lib/wii\libogc.a(system.o)
                0x800256dc                SYS_PreMain
 .text.SYS_ResetButtonDown
                0x80025758       0x18 C:/devkitPro/libogc/lib/wii\libogc.a(system.o)
                0x80025758                SYS_ResetButtonDown
 .text.SYS_ResetSystem
                0x80025770      0x210 C:/devkitPro/libogc/lib/wii\libogc.a(system.o)
                0x80025770                SYS_ResetSystem
 .text.__reload
                0x80025980       0x80 C:/devkitPro/libogc/lib/wii\libogc.a(system.o)
                0x80025980                __reload
 .text.__syscall_exit
                0x80025a00       0x88 C:/devkitPro/libogc/lib/wii\libogc.a(system.o)
                0x80025a00                __syscall_exit
 .text.SYS_RegisterResetFunc
                0x80025a88       0x78 C:/devkitPro/libogc/lib/wii\libogc.a(system.o)
                0x80025a88                SYS_RegisterResetFunc
 .text.SYS_SetArena1Lo
                0x80025b00       0x38 C:/devkitPro/libogc/lib/wii\libogc.a(system.o)
                0x80025b00                SYS_SetArena1Lo
 .text.SYS_GetArena1Lo
                0x80025b38       0x38 C:/devkitPro/libogc/lib/wii\libogc.a(system.o)
                0x80025b38                SYS_GetArena1Lo
 .text.SYS_GetArena1Hi
                0x80025b70       0x38 C:/devkitPro/libogc/lib/wii\libogc.a(system.o)
                0x80025b70                SYS_GetArena1Hi
 .text.SYS_SetArena2Lo
                0x80025ba8       0x38 C:/devkitPro/libogc/lib/wii\libogc.a(system.o)
                0x80025ba8                SYS_SetArena2Lo
 .text.SYS_GetArena2Lo
                0x80025be0       0x38 C:/devkitPro/libogc/lib/wii\libogc.a(system.o)
                0x80025be0                SYS_GetArena2Lo
 .text.SYS_SetArena2Hi
                0x80025c18       0x38 C:/devkitPro/libogc/lib/wii\libogc.a(system.o)
                0x80025c18                SYS_SetArena2Hi
 .text.SYS_GetArena2Hi
                0x80025c50       0x38 C:/devkitPro/libogc/lib/wii\libogc.a(system.o)
                0x80025c50                SYS_GetArena2Hi
 .text.SYS_AllocateFramebuffer
                0x80025c88       0x28 C:/devkitPro/libogc/lib/wii\libogc.a(system.o)
                0x80025c88                SYS_AllocateFramebuffer
 .text.SYS_CreateAlarm
                0x80025cb0       0xf0 C:/devkitPro/libogc/lib/wii\libogc.a(system.o)
                0x80025cb0                SYS_CreateAlarm
 .text.SYS_SetAlarm
                0x80025da0      0x1e0 C:/devkitPro/libogc/lib/wii\libogc.a(system.o)
                0x80025da0                SYS_SetAlarm
 .text.SYS_SetPeriodicAlarm
                0x80025f80      0x270 C:/devkitPro/libogc/lib/wii\libogc.a(system.o)
                0x80025f80                SYS_SetPeriodicAlarm
 .text.SYS_RemoveAlarm
                0x800261f0      0x10c C:/devkitPro/libogc/lib/wii\libogc.a(system.o)
                0x800261f0                SYS_RemoveAlarm
 .text.SYS_CancelAlarm
                0x800262fc       0xbc C:/devkitPro/libogc/lib/wii\libogc.a(system.o)
                0x800262fc                SYS_CancelAlarm
 .text.SYS_GetWirelessID
                0x800263b8       0x94 C:/devkitPro/libogc/lib/wii\libogc.a(system.o)
                0x800263b8                SYS_GetWirelessID
 .text.SYS_SetWirelessID
                0x8002644c       0x90 C:/devkitPro/libogc/lib/wii\libogc.a(system.o)
                0x8002644c                SYS_SetWirelessID
 .text.SYS_SetGBSMode
                0x800264dc       0xa8 C:/devkitPro/libogc/lib/wii\libogc.a(system.o)
                0x800264dc                SYS_SetGBSMode
 .text.__sram_init
                0x80026584      0x1b8 C:/devkitPro/libogc/lib/wii\libogc.a(system.o)
                0x80026584                __sram_init
 .text.SYS_Init
                0x8002673c      0x5e8 C:/devkitPro/libogc/lib/wii\libogc.a(system.o)
                0x8002673c                SYS_Init
 .text.SYS_GetHollywoodRevision
                0x80026d24       0x3c C:/devkitPro/libogc/lib/wii\libogc.a(system.o)
                0x80026d24                SYS_GetHollywoodRevision
 .text.SYS_Time
                0x80026d60       0x78 C:/devkitPro/libogc/lib/wii\libogc.a(system.o)
                0x80026d60                SYS_Time
 .text.__lwp_cond_init
                0x80026dd8       0x14 C:/devkitPro/libogc/lib/wii\libogc.a(cond.o)
                0x80026dd8                __lwp_cond_init
 .text.__AISRCINIT
                0x80026dec      0x1d0 C:/devkitPro/libogc/lib/wii\libogc.a(audio.o)
 .text.__AIDHandler
                0x80026fbc       0xd4 C:/devkitPro/libogc/lib/wii\libogc.a(audio.o)
 .text.AUDIO_Init
                0x80027090      0x164 C:/devkitPro/libogc/lib/wii\libogc.a(audio.o)
                0x80027090                AUDIO_Init
 .text.AUDIO_RegisterDMACallback
                0x800271f4       0x40 C:/devkitPro/libogc/lib/wii\libogc.a(audio.o)
                0x800271f4                AUDIO_RegisterDMACallback
 .text.AUDIO_InitDMA
                0x80027234       0x74 C:/devkitPro/libogc/lib/wii\libogc.a(audio.o)
                0x80027234                AUDIO_InitDMA
 .text.AUDIO_StartDMA
                0x800272a8       0x1c C:/devkitPro/libogc/lib/wii\libogc.a(audio.o)
                0x800272a8                AUDIO_StartDMA
 .text.AUDIO_StopDMA
                0x800272c4       0x18 C:/devkitPro/libogc/lib/wii\libogc.a(audio.o)
                0x800272c4                AUDIO_StopDMA
 .text.AUDIO_SetDSPSampleRate
                0x800272dc       0xb4 C:/devkitPro/libogc/lib/wii\libogc.a(audio.o)
                0x800272dc                AUDIO_SetDSPSampleRate
 .text.__decrementer_init
                0x80027390        0x4 C:/devkitPro/libogc/lib/wii\libogc.a(decrementer.o)
                0x80027390                __decrementer_init
 .text.c_decrementer_handler
                0x80027394        0xc C:/devkitPro/libogc/lib/wii\libogc.a(decrementer.o)
                0x80027394                c_decrementer_handler
 .text.__lwp_mqbox_init
                0x800273a0       0x14 C:/devkitPro/libogc/lib/wii\libogc.a(message.o)
                0x800273a0                __lwp_mqbox_init
 .text.__dsp_exectask
                0x800273b4      0x2ec C:/devkitPro/libogc/lib/wii\libogc.a(dsp.o)
 .text.__dsp_inthandler
                0x800276a0       0x30 C:/devkitPro/libogc/lib/wii\libogc.a(dsp.o)
 .text.__dsp_removetask
                0x800276d0       0x74 C:/devkitPro/libogc/lib/wii\libogc.a(dsp.o)
 .text.__dsp_def_taskcb
                0x80027744      0x468 C:/devkitPro/libogc/lib/wii\libogc.a(dsp.o)
 .text.DSP_Init
                0x80027bac       0xf8 C:/devkitPro/libogc/lib/wii\libogc.a(dsp.o)
                0x80027bac                DSP_Init
 .text.DSP_CheckMailTo
                0x80027ca4       0x14 C:/devkitPro/libogc/lib/wii\libogc.a(dsp.o)
                0x80027ca4                DSP_CheckMailTo
 .text.DSP_SendMailTo
                0x80027cb8       0x20 C:/devkitPro/libogc/lib/wii\libogc.a(dsp.o)
                0x80027cb8                DSP_SendMailTo
 .text.DSP_AddTask
                0x80027cd8      0x308 C:/devkitPro/libogc/lib/wii\libogc.a(dsp.o)
                0x80027cd8                DSP_AddTask
 .text.__si_transfer
                0x80027fe0      0x1a4 C:/devkitPro/libogc/lib/wii\libogc.a(si.o)
 .text.__si_alarmhandler
                0x80028184       0xdc C:/devkitPro/libogc/lib/wii\libogc.a(si.o)
 .text.__si_completetransfer
                0x80028260      0x1fc C:/devkitPro/libogc/lib/wii\libogc.a(si.o)
 .text.__si_transfernext
                0x8002845c       0xe0 C:/devkitPro/libogc/lib/wii\libogc.a(si.o)
 .text.SI_Busy  0x8002853c       0x18 C:/devkitPro/libogc/lib/wii\libogc.a(si.o)
                0x8002853c                SI_Busy
 .text.SI_IsChanBusy
                0x80028554       0x38 C:/devkitPro/libogc/lib/wii\libogc.a(si.o)
                0x80028554                SI_IsChanBusy
 .text.SI_SetXY
                0x8002858c       0x64 C:/devkitPro/libogc/lib/wii\libogc.a(si.o)
                0x8002858c                SI_SetXY
 .text.SI_EnablePolling
                0x800285f0       0x80 C:/devkitPro/libogc/lib/wii\libogc.a(si.o)
                0x800285f0                SI_EnablePolling
 .text.SI_DisablePolling
                0x80028670       0x58 C:/devkitPro/libogc/lib/wii\libogc.a(si.o)
                0x80028670                SI_DisablePolling
 .text.SI_SetSamplingRate
                0x800286c8       0xd8 C:/devkitPro/libogc/lib/wii\libogc.a(si.o)
                0x800286c8                SI_SetSamplingRate
 .text.SI_RefreshSamplingRate
                0x800287a0        0x8 C:/devkitPro/libogc/lib/wii\libogc.a(si.o)
                0x800287a0                SI_RefreshSamplingRate
 .text.SI_GetStatus
                0x800287a8       0x78 C:/devkitPro/libogc/lib/wii\libogc.a(si.o)
                0x800287a8                SI_GetStatus
 .text.SI_GetResponseRaw
                0x80028820       0xe8 C:/devkitPro/libogc/lib/wii\libogc.a(si.o)
                0x80028820                SI_GetResponseRaw
 .text.SI_GetResponse
                0x80028908       0xb8 C:/devkitPro/libogc/lib/wii\libogc.a(si.o)
                0x80028908                SI_GetResponse
 .text.SI_SetCommand
                0x800289c0       0x10 C:/devkitPro/libogc/lib/wii\libogc.a(si.o)
                0x800289c0                SI_SetCommand
 .text.SI_Transfer
                0x800289d0      0x26c C:/devkitPro/libogc/lib/wii\libogc.a(si.o)
                0x800289d0                SI_Transfer
 .text.__si_gettypecallback
                0x80028c3c      0x2c0 C:/devkitPro/libogc/lib/wii\libogc.a(si.o)
 .text.__si_interrupthandler
                0x80028efc      0x268 C:/devkitPro/libogc/lib/wii\libogc.a(si.o)
 .text.SI_GetType
                0x80029164      0x1f4 C:/devkitPro/libogc/lib/wii\libogc.a(si.o)
                0x80029164                SI_GetType
 .text.SI_GetTypeAsync
                0x80029358      0x138 C:/devkitPro/libogc/lib/wii\libogc.a(si.o)
                0x80029358                SI_GetTypeAsync
 .text.SI_EnablePollingInterrupt
                0x80029490       0x8c C:/devkitPro/libogc/lib/wii\libogc.a(si.o)
                0x80029490                SI_EnablePollingInterrupt
 .text.SI_UnregisterPollingHandler
                0x8002951c       0xe0 C:/devkitPro/libogc/lib/wii\libogc.a(si.o)
                0x8002951c                SI_UnregisterPollingHandler
 .text.__si_init
                0x800295fc       0xe8 C:/devkitPro/libogc/lib/wii\libogc.a(si.o)
                0x800295fc                __si_init
 .text.__ipc_sendrequest
                0x800296e4      0x104 C:/devkitPro/libogc/lib/wii\libogc.a(ipc.o)
 .text.__ipc_syncrequest
                0x800297e8       0xe4 C:/devkitPro/libogc/lib/wii\libogc.a(ipc.o)
 .text.__ioctlvfmtCB
                0x800298cc      0x158 C:/devkitPro/libogc/lib/wii\libogc.a(ipc.o)
 .text.__ios_ioctlvformat_parse
                0x80029a24      0x820 C:/devkitPro/libogc/lib/wii\libogc.a(ipc.o)
 .text.__ipc_asyncrequest
                0x8002a244      0x13c C:/devkitPro/libogc/lib/wii\libogc.a(ipc.o)
 .text.__ipc_interrupthandler
                0x8002a380      0x34c C:/devkitPro/libogc/lib/wii\libogc.a(ipc.o)
 .text.iosCreateHeap
                0x8002a6cc      0x130 C:/devkitPro/libogc/lib/wii\libogc.a(ipc.o)
                0x8002a6cc                iosCreateHeap
 .text.iosAlloc
                0x8002a7fc       0x30 C:/devkitPro/libogc/lib/wii\libogc.a(ipc.o)
                0x8002a7fc                iosAlloc
 .text.iosFree  0x8002a82c       0x28 C:/devkitPro/libogc/lib/wii\libogc.a(ipc.o)
                0x8002a82c                iosFree
 .text.__IPC_ClntInit
                0x8002a854       0xc8 C:/devkitPro/libogc/lib/wii\libogc.a(ipc.o)
                0x8002a854                __IPC_ClntInit
 .text.IOS_Open
                0x8002a91c      0x110 C:/devkitPro/libogc/lib/wii\libogc.a(ipc.o)
                0x8002a91c                IOS_Open
 .text.IOS_Close
                0x8002aa2c       0xf0 C:/devkitPro/libogc/lib/wii\libogc.a(ipc.o)
                0x8002aa2c                IOS_Close
 .text.IOS_CloseAsync
                0x8002ab1c       0xb4 C:/devkitPro/libogc/lib/wii\libogc.a(ipc.o)
                0x8002ab1c                IOS_CloseAsync
 .text.IOS_Read
                0x8002abd0      0x10c C:/devkitPro/libogc/lib/wii\libogc.a(ipc.o)
                0x8002abd0                IOS_Read
 .text.IOS_Write
                0x8002acdc      0x10c C:/devkitPro/libogc/lib/wii\libogc.a(ipc.o)
                0x8002acdc                IOS_Write
 .text.IOS_Ioctl
                0x8002ade8      0x158 C:/devkitPro/libogc/lib/wii\libogc.a(ipc.o)
                0x8002ade8                IOS_Ioctl
 .text.IOS_IoctlAsync
                0x8002af40      0x148 C:/devkitPro/libogc/lib/wii\libogc.a(ipc.o)
                0x8002af40                IOS_IoctlAsync
 .text.IOS_Ioctlv
                0x8002b088      0x1f0 C:/devkitPro/libogc/lib/wii\libogc.a(ipc.o)
                0x8002b088                IOS_Ioctlv
 .text.IOS_IoctlvAsync
                0x8002b278      0x1d4 C:/devkitPro/libogc/lib/wii\libogc.a(ipc.o)
                0x8002b278                IOS_IoctlvAsync
 .text.IOS_IoctlvFormat
                0x8002b44c      0x16c C:/devkitPro/libogc/lib/wii\libogc.a(ipc.o)
                0x8002b44c                IOS_IoctlvFormat
 .text.IOS_IoctlvReboot
                0x8002b5b8      0x1f4 C:/devkitPro/libogc/lib/wii\libogc.a(ipc.o)
                0x8002b5b8                IOS_IoctlvReboot
 .text.gettick  0x8002b7ac        0x8 C:/devkitPro/libogc/lib/wii\libogc.a(timesupp.o)
                0x8002b7ac                gettick
 .text.gettime  0x8002b7b4       0x18 C:/devkitPro/libogc/lib/wii\libogc.a(timesupp.o)
                0x8002b7b4                gettime
 .text.settime  0x8002b7cc       0x14 C:/devkitPro/libogc/lib/wii\libogc.a(timesupp.o)
                0x8002b7cc                settime
 .text.diff_usec
                0x8002b7e0       0x88 C:/devkitPro/libogc/lib/wii\libogc.a(timesupp.o)
                0x8002b7e0                diff_usec
 .text.__timesystem_init
                0x8002b868       0x1c C:/devkitPro/libogc/lib/wii\libogc.a(timesupp.o)
                0x8002b868                __timesystem_init
 .text.udelay   0x8002b884       0xac C:/devkitPro/libogc/lib/wii\libogc.a(timesupp.o)
                0x8002b884                udelay
 .text.__libogc_nanosleep
                0x8002b930      0x144 C:/devkitPro/libogc/lib/wii\libogc.a(timesupp.o)
                0x8002b930                __libogc_nanosleep
 .text.__syscall_lock_init
                0x8002ba74       0x6c C:/devkitPro/libogc/lib/wii\libogc.a(lock_supp.o)
                0x8002ba74                __syscall_lock_init
 .text.__syscall_lock_init_recursive
                0x8002bae0       0x6c C:/devkitPro/libogc/lib/wii\libogc.a(lock_supp.o)
                0x8002bae0                __syscall_lock_init_recursive
 .text.__syscall_lock_close
                0x8002bb4c       0x68 C:/devkitPro/libogc/lib/wii\libogc.a(lock_supp.o)
                0x8002bb4c                __syscall_lock_close
 .text.__syscall_lock_acquire
                0x8002bbb4       0x18 C:/devkitPro/libogc/lib/wii\libogc.a(lock_supp.o)
                0x8002bbb4                __syscall_lock_acquire
 .text.__syscall_lock_release
                0x8002bbcc       0x18 C:/devkitPro/libogc/lib/wii\libogc.a(lock_supp.o)
                0x8002bbcc                __syscall_lock_release
 .text.__usbgecko_exi_unlock
                0x8002bbe4       0x34 C:/devkitPro/libogc/lib/wii\libogc.a(usbgecko.o)
 .text.usb_isgeckoalive
                0x8002bc18      0x1bc C:/devkitPro/libogc/lib/wii\libogc.a(usbgecko.o)
                0x8002bc18                usb_isgeckoalive
 .text.usb_sendbuffer_ex
                0x8002bdd4      0x214 C:/devkitPro/libogc/lib/wii\libogc.a(usbgecko.o)
                0x8002bdd4                usb_sendbuffer_ex
 .text.usb_sendbuffer
                0x8002bfe8        0x8 C:/devkitPro/libogc/lib/wii\libogc.a(usbgecko.o)
                0x8002bfe8                usb_sendbuffer
 .text.usb_sendbuffer_safe_ex
                0x8002bff0      0x2a8 C:/devkitPro/libogc/lib/wii\libogc.a(usbgecko.o)
                0x8002bff0                usb_sendbuffer_safe_ex
 .text.usb_sendbuffer_safe
                0x8002c298        0x8 C:/devkitPro/libogc/lib/wii\libogc.a(usbgecko.o)
                0x8002c298                usb_sendbuffer_safe
 .text._sbrk_r  0x8002c2a0      0x28c C:/devkitPro/libogc/lib/wii\libogc.a(sbrk.o)
                0x8002c2a0                _sbrk_r
 .text.__memlock_init
                0x8002c52c       0x7c C:/devkitPro/libogc/lib/wii\libogc.a(malloc_lock.o)
                0x8002c52c                __memlock_init
 .text.__libogc_malloc_lock
                0x8002c5a8      0x1fc C:/devkitPro/libogc/lib/wii\libogc.a(malloc_lock.o)
                0x8002c5a8                __libogc_malloc_lock
 .text.__libogc_malloc_unlock
                0x8002c7a4       0x64 C:/devkitPro/libogc/lib/wii\libogc.a(malloc_lock.o)
                0x8002c7a4                __libogc_malloc_unlock
 .text.__STM_SetEventHook
                0x8002c808       0xb0 C:/devkitPro/libogc/lib/wii\libogc.a(stm.o)
                0x8002c808                __STM_SetEventHook
 .text.__STM_Init
                0x8002c8b8       0x8c C:/devkitPro/libogc/lib/wii\libogc.a(stm.o)
                0x8002c8b8                __STM_Init
 .text.__STMEventHandler
                0x8002c944       0x64 C:/devkitPro/libogc/lib/wii\libogc.a(stm.o)
 .text.__STM_ReleaseEventHook
                0x8002c9a8       0x80 C:/devkitPro/libogc/lib/wii\libogc.a(stm.o)
                0x8002c9a8                __STM_ReleaseEventHook
 .text.__STM_Close
                0x8002ca28       0xac C:/devkitPro/libogc/lib/wii\libogc.a(stm.o)
                0x8002ca28                __STM_Close
 .text.STM_RegisterEventHandler
                0x8002cad4       0x10 C:/devkitPro/libogc/lib/wii\libogc.a(stm.o)
                0x8002cad4                STM_RegisterEventHandler
 .text.STM_ShutdownToStandby
                0x8002cae4       0x50 C:/devkitPro/libogc/lib/wii\libogc.a(stm.o)
                0x8002cae4                STM_ShutdownToStandby
 .text.STM_ShutdownToIdle
                0x8002cb34       0x70 C:/devkitPro/libogc/lib/wii\libogc.a(stm.o)
                0x8002cb34                STM_ShutdownToIdle
 .text.STM_SetLedMode
                0x8002cba4       0x40 C:/devkitPro/libogc/lib/wii\libogc.a(stm.o)
                0x8002cba4                STM_SetLedMode
 .text.STM_RebootSystem
                0x8002cbe4       0x50 C:/devkitPro/libogc/lib/wii\libogc.a(stm.o)
                0x8002cbe4                STM_RebootSystem
 .text.__IOS_InitializeSubsystems
                0x8002cc34       0x44 C:/devkitPro/libogc/lib/wii\libogc.a(ios.o)
                0x8002cc34                __IOS_InitializeSubsystems
 .text.__IOS_ShutdownSubsystems
                0x8002cc78       0x44 C:/devkitPro/libogc/lib/wii\libogc.a(ios.o)
                0x8002cc78                __IOS_ShutdownSubsystems
 .text.IOS_GetVersion
                0x8002ccbc       0x50 C:/devkitPro/libogc/lib/wii\libogc.a(ios.o)
                0x8002ccbc                IOS_GetVersion
 .text.IOS_GetRevision
                0x8002cd0c       0x5c C:/devkitPro/libogc/lib/wii\libogc.a(ios.o)
                0x8002cd0c                IOS_GetRevision
 .text.IOS_GetRevisionMajor
                0x8002cd68       0x5c C:/devkitPro/libogc/lib/wii\libogc.a(ios.o)
                0x8002cd68                IOS_GetRevisionMajor
 .text.__IOS_LoadStartupIOS
                0x8002cdc4        0x8 C:/devkitPro/libogc/lib/wii\libogc.a(ios.o)
                0x8002cdc4                __IOS_LoadStartupIOS
 .text._ES_fstat_r
                0x8002cdcc      0x120 C:/devkitPro/libogc/lib/wii\libogc.a(es.o)
 .text._ES_seek_r
                0x8002ceec       0xdc C:/devkitPro/libogc/lib/wii\libogc.a(es.o)
 .text._ES_close_r
                0x8002cfc8       0xac C:/devkitPro/libogc/lib/wii\libogc.a(es.o)
 .text.__ES_Init
                0x8002d074       0x78 C:/devkitPro/libogc/lib/wii\libogc.a(es.o)
                0x8002d074                __ES_Init
 .text.__ES_Close
                0x8002d0ec       0x54 C:/devkitPro/libogc/lib/wii\libogc.a(es.o)
                0x8002d0ec                __ES_Close
 .text.ES_GetTitleID
                0x8002d140       0x94 C:/devkitPro/libogc/lib/wii\libogc.a(es.o)
                0x8002d140                ES_GetTitleID
 .text.ES_LaunchTitle
                0x8002d1d4       0xa4 C:/devkitPro/libogc/lib/wii\libogc.a(es.o)
                0x8002d1d4                ES_LaunchTitle
 .text.ES_GetNumTicketViews
                0x8002d278       0x98 C:/devkitPro/libogc/lib/wii\libogc.a(es.o)
                0x8002d278                ES_GetNumTicketViews
 .text.ES_GetTicketViews
                0x8002d310       0x8c C:/devkitPro/libogc/lib/wii\libogc.a(es.o)
                0x8002d310                ES_GetTicketViews
 .text.ES_GetNumTitles
                0x8002d39c       0x8c C:/devkitPro/libogc/lib/wii\libogc.a(es.o)
                0x8002d39c                ES_GetNumTitles
 .text.ES_GetStoredTMDSize
                0x8002d428       0x98 C:/devkitPro/libogc/lib/wii\libogc.a(es.o)
                0x8002d428                ES_GetStoredTMDSize
 .text.ES_GetStoredTMD
                0x8002d4c0       0x90 C:/devkitPro/libogc/lib/wii\libogc.a(es.o)
                0x8002d4c0                ES_GetStoredTMD
 .text._ES_decodepath
                0x8002d550      0x440 C:/devkitPro/libogc/lib/wii\libogc.a(es.o)
 .text._ES_stat_r
                0x8002d990       0xf4 C:/devkitPro/libogc/lib/wii\libogc.a(es.o)
 .text._ES_open_r
                0x8002da84      0x1d0 C:/devkitPro/libogc/lib/wii\libogc.a(es.o)
 .text.ES_ReadContent
                0x8002dc54       0x6c C:/devkitPro/libogc/lib/wii\libogc.a(es.o)
                0x8002dc54                ES_ReadContent
 .text._ES_read_r
                0x8002dcc0      0x17c C:/devkitPro/libogc/lib/wii\libogc.a(es.o)
 .text.ES_GetDeviceID
                0x8002de3c       0x98 C:/devkitPro/libogc/lib/wii\libogc.a(es.o)
                0x8002de3c                ES_GetDeviceID
 .text.ES_GetBoot2Version
                0x8002ded4       0x98 C:/devkitPro/libogc/lib/wii\libogc.a(es.o)
                0x8002ded4                ES_GetBoot2Version
 .text.__usbv5_devicechangeCB
                0x8002df6c      0x180 C:/devkitPro/libogc/lib/wii\libogc.a(usb.o)
 .text.__usbv5_attachfinishCB
                0x8002e0ec       0xcc C:/devkitPro/libogc/lib/wii\libogc.a(usb.o)
 .text.__usbv5_messageCB
                0x8002e1b8       0x5c C:/devkitPro/libogc/lib/wii\libogc.a(usb.o)
 .text.__usbv0_messageCB
                0x8002e214       0xa8 C:/devkitPro/libogc/lib/wii\libogc.a(usb.o)
 .text.__usb_control_message
                0x8002e2bc      0x428 C:/devkitPro/libogc/lib/wii\libogc.a(usb.o)
 .text.__usb_interrupt_bulk_message
                0x8002e6e4      0x2c0 C:/devkitPro/libogc/lib/wii\libogc.a(usb.o)
 .text.USB_FreeDescriptors.part.0
                0x8002e9a4       0xfc C:/devkitPro/libogc/lib/wii\libogc.a(usb.o)
 .text.USB_GetDescriptors.part.0
                0x8002eaa0      0x674 C:/devkitPro/libogc/lib/wii\libogc.a(usb.o)
 .text.USBV5_SuspendResume
                0x8002f114      0x138 C:/devkitPro/libogc/lib/wii\libogc.a(usb.o)
 .text.USBV5_GetDescriptors
                0x8002f24c      0x518 C:/devkitPro/libogc/lib/wii\libogc.a(usb.o)
 .text.USB_Deinitialize
                0x8002f764       0xc8 C:/devkitPro/libogc/lib/wii\libogc.a(usb.o)
                0x8002f764                USB_Deinitialize
 .text.USB_Initialize
                0x8002f82c      0x2f8 C:/devkitPro/libogc/lib/wii\libogc.a(usb.o)
                0x8002f82c                USB_Initialize
 .text.USB_OpenDevice
                0x8002fb24      0x2b8 C:/devkitPro/libogc/lib/wii\libogc.a(usb.o)
                0x8002fb24                USB_OpenDevice
 .text.USBV5_CloseDevice
                0x8002fddc      0x128 C:/devkitPro/libogc/lib/wii\libogc.a(usb.o)
                0x8002fddc                USBV5_CloseDevice
 .text.USB_CloseDeviceAsync
                0x8002ff04       0xd0 C:/devkitPro/libogc/lib/wii\libogc.a(usb.o)
                0x8002ff04                USB_CloseDeviceAsync
 .text.USB_ReadIntrMsgAsync
                0x8002ffd4       0x28 C:/devkitPro/libogc/lib/wii\libogc.a(usb.o)
                0x8002ffd4                USB_ReadIntrMsgAsync
 .text.USB_ReadBlkMsgAsync
                0x8002fffc       0x28 C:/devkitPro/libogc/lib/wii\libogc.a(usb.o)
                0x8002fffc                USB_ReadBlkMsgAsync
 .text.USB_WriteBlkMsgAsync
                0x80030024       0x28 C:/devkitPro/libogc/lib/wii\libogc.a(usb.o)
                0x80030024                USB_WriteBlkMsgAsync
 .text.USB_WriteCtrlMsgAsync
                0x8003004c        0x4 C:/devkitPro/libogc/lib/wii\libogc.a(usb.o)
                0x8003004c                USB_WriteCtrlMsgAsync
 .text.__CheckARGV
                0x80030050       0x80 C:/devkitPro/libogc/lib/wii\libogc.a(argv.o)
                0x80030050                __CheckARGV
 .text.CONF_Init
                0x800300d0      0x184 C:/devkitPro/libogc/lib/wii\libogc.a(conf.o)
                0x800300d0                CONF_Init
 .text.__CONF_GetTxt
                0x80030254      0x208 C:/devkitPro/libogc/lib/wii\libogc.a(conf.o)
                0x80030254                __CONF_GetTxt
 .text.__CONF_Find
                0x8003045c       0xfc C:/devkitPro/libogc/lib/wii\libogc.a(conf.o)
                0x8003045c                __CONF_Find
 .text.CONF_GetLength
                0x80030558      0x12c C:/devkitPro/libogc/lib/wii\libogc.a(conf.o)
                0x80030558                CONF_GetLength
 .text.CONF_Get
                0x80030684      0x140 C:/devkitPro/libogc/lib/wii\libogc.a(conf.o)
                0x80030684                CONF_Get
 .text.CONF_GetShutdownMode
                0x800307c4       0x54 C:/devkitPro/libogc/lib/wii\libogc.a(conf.o)
                0x800307c4                CONF_GetShutdownMode
 .text.CONF_GetIdleLedMode
                0x80030818       0x54 C:/devkitPro/libogc/lib/wii\libogc.a(conf.o)
                0x80030818                CONF_GetIdleLedMode
 .text.CONF_GetProgressiveScan
                0x8003086c       0x54 C:/devkitPro/libogc/lib/wii\libogc.a(conf.o)
                0x8003086c                CONF_GetProgressiveScan
 .text.CONF_GetEuRGB60
                0x800308c0       0x54 C:/devkitPro/libogc/lib/wii\libogc.a(conf.o)
                0x800308c0                CONF_GetEuRGB60
 .text.CONF_GetIRSensitivity
                0x80030914       0x54 C:/devkitPro/libogc/lib/wii\libogc.a(conf.o)
                0x80030914                CONF_GetIRSensitivity
 .text.CONF_GetSensorBarPosition
                0x80030968       0x54 C:/devkitPro/libogc/lib/wii\libogc.a(conf.o)
                0x80030968                CONF_GetSensorBarPosition
 .text.CONF_GetCounterBias
                0x800309bc       0x4c C:/devkitPro/libogc/lib/wii\libogc.a(conf.o)
                0x800309bc                CONF_GetCounterBias
 .text.CONF_GetDisplayOffsetH
                0x80030a08       0x4c C:/devkitPro/libogc/lib/wii\libogc.a(conf.o)
                0x80030a08                CONF_GetDisplayOffsetH
 .text.CONF_GetPadDevices
                0x80030a54       0x4c C:/devkitPro/libogc/lib/wii\libogc.a(conf.o)
                0x80030a54                CONF_GetPadDevices
 .text.CONF_GetNickName
                0x80030aa0       0x9c C:/devkitPro/libogc/lib/wii\libogc.a(conf.o)
                0x80030aa0                CONF_GetNickName
 .text.CONF_GetRegion
                0x80030b3c      0x110 C:/devkitPro/libogc/lib/wii\libogc.a(conf.o)
                0x80030b3c                CONF_GetRegion
 .text.CONF_GetVideo
                0x80030c4c       0x88 C:/devkitPro/libogc/lib/wii\libogc.a(conf.o)
                0x80030c4c                CONF_GetVideo
 .text.__WII_WriteNANDBootInfo.isra.0
                0x80030cd4       0xbc C:/devkitPro/libogc/lib/wii\libogc.a(wiilaunch.o)
 .text.__WII_WriteStateFlags.isra.0
                0x80030d90       0x94 C:/devkitPro/libogc/lib/wii\libogc.a(wiilaunch.o)
 .text.WII_Initialize
                0x80030e24      0x188 C:/devkitPro/libogc/lib/wii\libogc.a(wiilaunch.o)
                0x80030e24                WII_Initialize
 .text.WII_LaunchTitle
                0x80030fac      0x1ac C:/devkitPro/libogc/lib/wii\libogc.a(wiilaunch.o)
                0x80030fac                WII_LaunchTitle
 .text.WII_ReturnToMenu
                0x80031158       0x58 C:/devkitPro/libogc/lib/wii\libogc.a(wiilaunch.o)
                0x80031158                WII_ReturnToMenu
 .text.__lwp_priority_init
                0x800311b0       0x1c C:/devkitPro/libogc/lib/wii\libogc.a(lwp_priority.o)
                0x800311b0                __lwp_priority_init
 .text.__lwp_threadqueue_enqueuefifo
                0x800311cc      0x12c C:/devkitPro/libogc/lib/wii\libogc.a(lwp_threadq.o)
                0x800311cc                __lwp_threadqueue_enqueuefifo
 .text.__lwp_threadqueue_dequeuefifo
                0x800312f8      0x134 C:/devkitPro/libogc/lib/wii\libogc.a(lwp_threadq.o)
                0x800312f8                __lwp_threadqueue_dequeuefifo
 .text.__lwp_threadqueue_enqueuepriority
                0x8003142c      0x334 C:/devkitPro/libogc/lib/wii\libogc.a(lwp_threadq.o)
                0x8003142c                __lwp_threadqueue_enqueuepriority
 .text.__lwp_threadqueue_dequeuepriority
                0x80031760      0x1d8 C:/devkitPro/libogc/lib/wii\libogc.a(lwp_threadq.o)
                0x80031760                __lwp_threadqueue_dequeuepriority
 .text.__lwp_threadqueue_init
                0x80031938       0x64 C:/devkitPro/libogc/lib/wii\libogc.a(lwp_threadq.o)
                0x80031938                __lwp_threadqueue_init
 .text.__lwp_threadqueue_enqueue
                0x8003199c      0x138 C:/devkitPro/libogc/lib/wii\libogc.a(lwp_threadq.o)
                0x8003199c                __lwp_threadqueue_enqueue
 .text.__lwp_threadqueue_dequeue
                0x80031ad4       0x24 C:/devkitPro/libogc/lib/wii\libogc.a(lwp_threadq.o)
                0x80031ad4                __lwp_threadqueue_dequeue
 .text.__lwp_threadqueue_flush
                0x80031af8       0x68 C:/devkitPro/libogc/lib/wii\libogc.a(lwp_threadq.o)
                0x80031af8                __lwp_threadqueue_flush
 .text.__lwp_threadqueue_extractfifo
                0x80031b60       0xe8 C:/devkitPro/libogc/lib/wii\libogc.a(lwp_threadq.o)
                0x80031b60                __lwp_threadqueue_extractfifo
 .text.__lwp_threadqueue_extractpriority
                0x80031c48      0x148 C:/devkitPro/libogc/lib/wii\libogc.a(lwp_threadq.o)
                0x80031c48                __lwp_threadqueue_extractpriority
 .text.__lwp_threadqueue_timeout
                0x80031d90       0xd0 C:/devkitPro/libogc/lib/wii\libogc.a(lwp_threadq.o)
 .text.__lwp_threadqueue_extractproxy